Archive member included to satisfy reference by file (symbol)

c:/progra~1/raspbe~1/picosd~1.1/gcc-ar~1/bin/../lib/gcc/arm-none-eabi/10.3.1/thumb/v6-m/nofp\libgcc.a(_dvmd_tls.o)
                              CMakeFiles/Semaforo.dir/C_/Program_Files/Raspberry_Pi/Pico_SDK_v1.5.1/pico-sdk/src/rp2_common/pico_divider/divider.S.obj (__aeabi_idiv0)
c:/progra~1/raspbe~1/picosd~1.1/gcc-ar~1/bin/../lib/gcc/arm-none-eabi/10.3.1/../../../../arm-none-eabi/lib/thumb/v6-m/nofp\libg.a(lib_a-calloc.o)
                              CMakeFiles/Semaforo.dir/C_/Program_Files/Raspberry_Pi/Pico_SDK_v1.5.1/pico-sdk/src/rp2_common/pico_malloc/pico_malloc.c.obj (calloc)
c:/progra~1/raspbe~1/picosd~1.1/gcc-ar~1/bin/../lib/gcc/arm-none-eabi/10.3.1/../../../../arm-none-eabi/lib/thumb/v6-m/nofp\libg.a(lib_a-callocr.o)
                              c:/progra~1/raspbe~1/picosd~1.1/gcc-ar~1/bin/../lib/gcc/arm-none-eabi/10.3.1/../../../../arm-none-eabi/lib/thumb/v6-m/nofp\libg.a(lib_a-calloc.o) (_calloc_r)
c:/progra~1/raspbe~1/picosd~1.1/gcc-ar~1/bin/../lib/gcc/arm-none-eabi/10.3.1/../../../../arm-none-eabi/lib/thumb/v6-m/nofp\libg.a(lib_a-errno.o)
                              c:/progra~1/raspbe~1/picosd~1.1/gcc-ar~1/bin/../lib/gcc/arm-none-eabi/10.3.1/../../../../arm-none-eabi/lib/thumb/v6-m/nofp\libg.a(lib_a-callocr.o) (__errno)
c:/progra~1/raspbe~1/picosd~1.1/gcc-ar~1/bin/../lib/gcc/arm-none-eabi/10.3.1/../../../../arm-none-eabi/lib/thumb/v6-m/nofp\libg.a(lib_a-impure.o)
                              c:/progra~1/raspbe~1/picosd~1.1/gcc-ar~1/bin/../lib/gcc/arm-none-eabi/10.3.1/../../../../arm-none-eabi/lib/thumb/v6-m/nofp\libg.a(lib_a-calloc.o) (_impure_ptr)
c:/progra~1/raspbe~1/picosd~1.1/gcc-ar~1/bin/../lib/gcc/arm-none-eabi/10.3.1/../../../../arm-none-eabi/lib/thumb/v6-m/nofp\libg.a(lib_a-init.o)
                              c:/progra~1/raspbe~1/picosd~1.1/gcc-ar~1/bin/../lib/gcc/arm-none-eabi/10.3.1/../../../../arm-none-eabi/lib/thumb/v6-m/nofp/crt0.o (__libc_init_array)
c:/progra~1/raspbe~1/picosd~1.1/gcc-ar~1/bin/../lib/gcc/arm-none-eabi/10.3.1/../../../../arm-none-eabi/lib/thumb/v6-m/nofp\libg.a(lib_a-malloc.o)
                              CMakeFiles/Semaforo.dir/C_/Program_Files/Raspberry_Pi/Pico_SDK_v1.5.1/pico-sdk/src/rp2_common/pico_malloc/pico_malloc.c.obj (malloc)
c:/progra~1/raspbe~1/picosd~1.1/gcc-ar~1/bin/../lib/gcc/arm-none-eabi/10.3.1/../../../../arm-none-eabi/lib/thumb/v6-m/nofp\libg.a(lib_a-mallocr.o)
                              c:/progra~1/raspbe~1/picosd~1.1/gcc-ar~1/bin/../lib/gcc/arm-none-eabi/10.3.1/../../../../arm-none-eabi/lib/thumb/v6-m/nofp\libg.a(lib_a-callocr.o) (_malloc_r)
c:/progra~1/raspbe~1/picosd~1.1/gcc-ar~1/bin/../lib/gcc/arm-none-eabi/10.3.1/../../../../arm-none-eabi/lib/thumb/v6-m/nofp\libg.a(lib_a-mlock.o)
                              c:/progra~1/raspbe~1/picosd~1.1/gcc-ar~1/bin/../lib/gcc/arm-none-eabi/10.3.1/../../../../arm-none-eabi/lib/thumb/v6-m/nofp\libg.a(lib_a-mallocr.o) (__malloc_lock)
c:/progra~1/raspbe~1/picosd~1.1/gcc-ar~1/bin/../lib/gcc/arm-none-eabi/10.3.1/../../../../arm-none-eabi/lib/thumb/v6-m/nofp\libg.a(lib_a-realloc.o)
                              CMakeFiles/Semaforo.dir/C_/Program_Files/Raspberry_Pi/Pico_SDK_v1.5.1/pico-sdk/src/rp2_common/pico_malloc/pico_malloc.c.obj (realloc)
c:/progra~1/raspbe~1/picosd~1.1/gcc-ar~1/bin/../lib/gcc/arm-none-eabi/10.3.1/../../../../arm-none-eabi/lib/thumb/v6-m/nofp\libg.a(lib_a-reallocr.o)
                              c:/progra~1/raspbe~1/picosd~1.1/gcc-ar~1/bin/../lib/gcc/arm-none-eabi/10.3.1/../../../../arm-none-eabi/lib/thumb/v6-m/nofp\libg.a(lib_a-realloc.o) (_realloc_r)
c:/progra~1/raspbe~1/picosd~1.1/gcc-ar~1/bin/../lib/gcc/arm-none-eabi/10.3.1/../../../../arm-none-eabi/lib/thumb/v6-m/nofp\libg.a(lib_a-sbrkr.o)
                              c:/progra~1/raspbe~1/picosd~1.1/gcc-ar~1/bin/../lib/gcc/arm-none-eabi/10.3.1/../../../../arm-none-eabi/lib/thumb/v6-m/nofp\libg.a(lib_a-mallocr.o) (_sbrk_r)
c:/progra~1/raspbe~1/picosd~1.1/gcc-ar~1/bin/../lib/gcc/arm-none-eabi/10.3.1/../../../../arm-none-eabi/lib/thumb/v6-m/nofp\libg.a(lib_a-strlen-stub.o)
                              CMakeFiles/Semaforo.dir/C_/Program_Files/Raspberry_Pi/Pico_SDK_v1.5.1/pico-sdk/src/rp2_common/pico_stdio/stdio.c.obj (strlen)
c:/progra~1/raspbe~1/picosd~1.1/gcc-ar~1/bin/../lib/gcc/arm-none-eabi/10.3.1/../../../../arm-none-eabi/lib/thumb/v6-m/nofp\libg.a(lib_a-freer.o)
                              c:/progra~1/raspbe~1/picosd~1.1/gcc-ar~1/bin/../lib/gcc/arm-none-eabi/10.3.1/../../../../arm-none-eabi/lib/thumb/v6-m/nofp\libg.a(lib_a-malloc.o) (_free_r)
c:/progra~1/raspbe~1/picosd~1.1/gcc-ar~1/bin/../lib/gcc/arm-none-eabi/10.3.1/../../../../arm-none-eabi/lib/thumb/v6-m/nofp\libg.a(lib_a-lock.o)
                              c:/progra~1/raspbe~1/picosd~1.1/gcc-ar~1/bin/../lib/gcc/arm-none-eabi/10.3.1/../../../../arm-none-eabi/lib/thumb/v6-m/nofp\libg.a(lib_a-mlock.o) (__retarget_lock_acquire_recursive)
[...]
Memory Configuration

Name             Origin             Length             Attributes
FLASH            0x10000000         0x00200000         xr
RAM              0x20000000         0x00040000         xrw
SCRATCH_X        0x20040000         0x00001000         xrw
SCRATCH_Y        0x20041000         0x00001000         xrw
*default*        0x00000000         0xffffffff

Linker script and memory map

LOAD c:/progra~1/raspbe~1/picosd~1.1/gcc-ar~1/bin/../lib/gcc/arm-none-eabi/10.3.1/thumb/v6-m/nofp/crti.o
LOAD c:/progra~1/raspbe~1/picosd~1.1/gcc-ar~1/bin/../lib/gcc/arm-none-eabi/10.3.1/thumb/v6-m/nofp/crtbegin.o
LOAD c:/progra~1/raspbe~1/picosd~1.1/gcc-ar~1/bin/../lib/gcc/arm-none-eabi/10.3.1/../../../../arm-none-eabi/lib/thumb/v6-m/nofp/crt0.o

.flash_begin    0x10000000        0x0
                0x10000000                __flash_binary_start = .

.boot2          0x10000000      0x100
                0x10000000                __boot2_start__ = .
 *(.boot2)
 .boot2         0x10000000      0x100 C:\Users\PITEL\AppData\Local\Temp\ccYj4d6Y.o
                0x10000100                __boot2_end__ = .
                0x00000001                ASSERT (((__boot2_end__ - __boot2_start__) == 0x100), ERROR: Pico second stage bootloader must be 256 bytes in size)

.text           0x10000100     0x7250
                0x10000100                __logical_binary_start = .
 *(.vectors)
 .vectors       0x10000100       0xd4 CMakeFiles/Semaforo.dir/C_/Program_Files/Raspberry_Pi/Pico_SDK_v1.5.1/pico-sdk/src/rp2_common/pico_standard_link/crt0.S.obj
                0x10000100                __VECTOR_TABLE
                0x10000100                __vectors
                0x100001c0                isr_invalid
                0x100001c0                __default_isrs_start
                0x100001c2                isr_nmi
                0x100001c4                isr_hardfault
                0x100001c6                isr_svcall
                0x100001c8                isr_pendsv
                0x100001ca                isr_systick
                0x100001cc                isr_irq23
                0x100001cc                isr_irq18
                0x100001cc                isr_irq11
                0x100001cc                isr_irq28
                0x100001cc                isr_irq19
                0x100001cc                isr_irq0
                0x100001cc                isr_irq6
                0x100001cc                isr_irq5
                0x100001cc                isr_irq12
                0x100001cc                isr_irq22
                0x100001cc                isr_irq31
                0x100001cc                isr_irq17
                0x100001cc                isr_irq27
                0x100001cc                isr_irq30
                0x100001cc                isr_irq2
                0x100001cc                isr_irq10
                0x100001cc                isr_irq8
                0x100001cc                isr_irq24
                0x100001cc                isr_irq1
                0x100001cc                isr_irq7
                0x100001cc                isr_irq21
                0x100001cc                isr_irq20
                0x100001cc                isr_irq15
                0x100001cc                isr_irq25
                0x100001cc                isr_irq13
                0x100001cc                __unhandled_user_irq
                0x100001cc                isr_irq4
                0x100001cc                isr_irq16
                0x100001cc                isr_irq29
                0x100001cc                isr_irq26
                0x100001cc                __default_isrs_end
                0x100001cc                isr_irq3
                0x100001cc                isr_irq14
                0x100001cc                isr_irq9
                0x100001d2                unhandled_user_irq_num_in_r0
 *(.binary_info_header)
 .binary_info_header
                0x100001d4       0x14 CMakeFiles/Semaforo.dir/C_/Program_Files/Raspberry_Pi/Pico_SDK_v1.5.1/pico-sdk/src/rp2_common/pico_standard_link/crt0.S.obj
                0x100001e8                __binary_info_header_end = .
 *(.reset)
 .reset         0x100001e8       0xa0 CMakeFiles/Semaforo.dir/C_/Program_Files/Raspberry_Pi/Pico_SDK_v1.5.1/pico-sdk/src/rp2_common/pico_standard_link/crt0.S.obj
                0x100001e8                _entry_point
 .reset         0x10000288       0x30 CMakeFiles/Semaforo.dir/C_/Program_Files/Raspberry_Pi/Pico_SDK_v1.5.1/pico-sdk/src/rp2_common/pico_standard_link/binary_info.c.obj
 *(.init)
 .init          0x100002b8        0x4 c:/progra~1/raspbe~1/picosd~1.1/gcc-ar~1/bin/../lib/gcc/arm-none-eabi/10.3.1/thumb/v6-m/nofp/crti.o
                0x100002b8                _init
 *(EXCLUDE_FILE(*libm.a: *libc.a:*lib_a-mem*.o *libgcc.a:) .text*)
 .text          0x100002bc       0x48 c:/progra~1/raspbe~1/picosd~1.1/gcc-ar~1/bin/../lib/gcc/arm-none-eabi/10.3.1/thumb/v6-m/nofp/crtbegin.o
 .text.get_absolute_time
                0x10000304       0x2c CMakeFiles/Semaforo.dir/Semaforo.c.obj
 .text.init_pins
                0x10000330       0x50 CMakeFiles/Semaforo.dir/Semaforo.c.obj
                0x10000330                init_pins
 .text.show_digit
                0x10000380       0x5c CMakeFiles/Semaforo.dir/Semaforo.c.obj
                0x10000380                show_digit
 .text.clear_display
                0x100003dc       0x3c CMakeFiles/Semaforo.dir/Semaforo.c.obj
                0x100003dc                clear_display
 .text.set_lights
                0x10000418      0x13c CMakeFiles/Semaforo.dir/Semaforo.c.obj
                0x10000418                set_lights
 .text.check_button
                0x10000554       0x44 CMakeFiles/Semaforo.dir/Semaforo.c.obj
                0x10000554                check_button
 .text.pedestrian_crossing
                0x10000598       0xa0 CMakeFiles/Semaforo.dir/Semaforo.c.obj
                0x10000598                pedestrian_crossing
 .text.normal_operation
                0x10000638      0x238 CMakeFiles/Semaforo.dir/Semaforo.c.obj
                0x10000638                normal_operation
 .text.main     0x10000870       0x48 CMakeFiles/Semaforo.dir/Semaforo.c.obj
                0x10000870                main
 .text.gpio_set_function
                0x100008b8       0x30 CMakeFiles/Semaforo.dir/C_/Program_Files/Raspberry_Pi/Pico_SDK_v1.5.1/pico-sdk/src/rp2_common/hardware_gpio/gpio.c.obj
                0x100008b8                gpio_set_function
 .text.gpio_set_pulls
                0x100008e8       0x34 CMakeFiles/Semaforo.dir/C_/Program_Files/Raspberry_Pi/Pico_SDK_v1.5.1/pico-sdk/src/rp2_common/hardware_gpio/gpio.c.obj
                0x100008e8                gpio_set_pulls
 .text.gpio_init
                0x1000091c       0x16 CMakeFiles/Semaforo.dir/C_/Program_Files/Raspberry_Pi/Pico_SDK_v1.5.1/pico-sdk/src/rp2_common/hardware_gpio/gpio.c.obj
                0x1000091c                gpio_init
 *fill*         0x10000932        0x2 
 .text.running_on_fpga
                0x10000934       0x14 CMakeFiles/Semaforo.dir/C_/Program_Files/Raspberry_Pi/Pico_SDK_v1.5.1/pico-sdk/src/rp2_common/pico_platform/platform.c.obj
                0x10000934                running_on_fpga
 .text.hw_claim_lock
                0x10000948       0x18 CMakeFiles/Semaforo.dir/C_/Program_Files/Raspberry_Pi/Pico_SDK_v1.5.1/pico-sdk/src/rp2_common/hardware_claim/claim.c.obj
                0x10000948                hw_claim_lock
 .text.hw_claim_unlock
                0x10000960       0x14 CMakeFiles/Semaforo.dir/C_/Program_Files/Raspberry_Pi/Pico_SDK_v1.5.1/pico-sdk/src/rp2_common/hardware_claim/claim.c.obj
                0x10000960                hw_claim_unlock
 .text.hw_claim_or_assert
                0x10000974       0x32 CMakeFiles/Semaforo.dir/C_/Program_Files/Raspberry_Pi/Pico_SDK_v1.5.1/pico-sdk/src/rp2_common/hardware_claim/claim.c.obj
                0x10000974                hw_claim_or_assert
 .text.hw_claim_unused_from_range
                0x100009a6       0x50 CMakeFiles/Semaforo.dir/C_/Program_Files/Raspberry_Pi/Pico_SDK_v1.5.1/pico-sdk/src/rp2_common/hardware_claim/claim.c.obj
                0x100009a6                hw_claim_unused_from_range
 *fill*         0x100009f6        0x2 
 .text.spin_locks_reset
                0x100009f8       0x20 CMakeFiles/Semaforo.dir/C_/Program_Files/Raspberry_Pi/Pico_SDK_v1.5.1/pico-sdk/src/rp2_common/hardware_sync/sync.c.obj
                0x100009f8                spin_locks_reset
 .text.next_striped_spin_lock_num
                0x10000a18       0x1c CMakeFiles/Semaforo.dir/C_/Program_Files/Raspberry_Pi/Pico_SDK_v1.5.1/pico-sdk/src/rp2_common/hardware_sync/sync.c.obj
                0x10000a18                next_striped_spin_lock_num
 .text.spin_lock_claim_unused
                0x10000a34       0x20 CMakeFiles/Semaforo.dir/C_/Program_Files/Raspberry_Pi/Pico_SDK_v1.5.1/pico-sdk/src/rp2_common/hardware_sync/sync.c.obj
                0x10000a34                spin_lock_claim_unused
 .text.set_raw_irq_handler_and_unlock
                0x10000a54       0x28 CMakeFiles/Semaforo.dir/C_/Program_Files/Raspberry_Pi/Pico_SDK_v1.5.1/pico-sdk/src/rp2_common/hardware_irq/irq.c.obj
 .text.make_branch
                0x10000a7c       0x48 CMakeFiles/Semaforo.dir/C_/Program_Files/Raspberry_Pi/Pico_SDK_v1.5.1/pico-sdk/src/rp2_common/hardware_irq/irq.c.obj
 .text.insert_branch_and_link
                0x10000ac4       0x40 CMakeFiles/Semaforo.dir/C_/Program_Files/Raspberry_Pi/Pico_SDK_v1.5.1/pico-sdk/src/rp2_common/hardware_irq/irq.c.obj
 .text.irq_is_enabled
                0x10000b04       0x18 CMakeFiles/Semaforo.dir/C_/Program_Files/Raspberry_Pi/Pico_SDK_v1.5.1/pico-sdk/src/rp2_common/hardware_irq/irq.c.obj
                0x10000b04                irq_is_enabled
 .text.irq_set_mask_enabled
                0x10000b1c       0x20 CMakeFiles/Semaforo.dir/C_/Program_Files/Raspberry_Pi/Pico_SDK_v1.5.1/pico-sdk/src/rp2_common/hardware_irq/irq.c.obj
                0x10000b1c                irq_set_mask_enabled
 .text.irq_set_enabled
                0x10000b3c        0xe CMakeFiles/Semaforo.dir/C_/Program_Files/Raspberry_Pi/Pico_SDK_v1.5.1/pico-sdk/src/rp2_common/hardware_irq/irq.c.obj
                0x10000b3c                irq_set_enabled
 *fill*         0x10000b4a        0x2 
 .text.irq_set_pending
                0x10000b4c       0x10 CMakeFiles/Semaforo.dir/C_/Program_Files/Raspberry_Pi/Pico_SDK_v1.5.1/pico-sdk/src/rp2_common/hardware_irq/irq.c.obj
                0x10000b4c                irq_set_pending
 .text.irq_get_vtable_handler
                0x10000b5c       0x10 CMakeFiles/Semaforo.dir/C_/Program_Files/Raspberry_Pi/Pico_SDK_v1.5.1/pico-sdk/src/rp2_common/hardware_irq/irq.c.obj
                0x10000b5c                irq_get_vtable_handler
 .text.irq_has_shared_handler
                0x10000b6c       0x24 CMakeFiles/Semaforo.dir/C_/Program_Files/Raspberry_Pi/Pico_SDK_v1.5.1/pico-sdk/src/rp2_common/hardware_irq/irq.c.obj
                0x10000b6c                irq_has_shared_handler
 .text.irq_set_exclusive_handler
                0x10000b90       0x54 CMakeFiles/Semaforo.dir/C_/Program_Files/Raspberry_Pi/Pico_SDK_v1.5.1/pico-sdk/src/rp2_common/hardware_irq/irq.c.obj
                0x10000b90                irq_set_exclusive_handler
 .text.irq_add_shared_handler
                0x10000be4      0x234 CMakeFiles/Semaforo.dir/C_/Program_Files/Raspberry_Pi/Pico_SDK_v1.5.1/pico-sdk/src/rp2_common/hardware_irq/irq.c.obj
                0x10000be4                irq_add_shared_handler
 .text.irq_remove_handler
                0x10000e18      0x1ac CMakeFiles/Semaforo.dir/C_/Program_Files/Raspberry_Pi/Pico_SDK_v1.5.1/pico-sdk/src/rp2_common/hardware_irq/irq.c.obj
                0x10000e18                irq_remove_handler
 .text.irq_add_tail_to_free_list
                0x10000fc4       0xf0 CMakeFiles/Semaforo.dir/C_/Program_Files/Raspberry_Pi/Pico_SDK_v1.5.1/pico-sdk/src/rp2_common/hardware_irq/irq.c.obj
                0x10000fc4                irq_add_tail_to_free_list
 .text.irq_init_priorities
                0x100010b4       0x1c CMakeFiles/Semaforo.dir/C_/Program_Files/Raspberry_Pi/Pico_SDK_v1.5.1/pico-sdk/src/rp2_common/hardware_irq/irq.c.obj
                0x100010b4                irq_init_priorities
 .text.user_irq_claim_unused
                0x100010d0       0x28 CMakeFiles/Semaforo.dir/C_/Program_Files/Raspberry_Pi/Pico_SDK_v1.5.1/pico-sdk/src/rp2_common/hardware_irq/irq.c.obj
                0x100010d0                user_irq_claim_unused
 .text.lock_init
                0x100010f8       0x10 CMakeFiles/Semaforo.dir/C_/Program_Files/Raspberry_Pi/Pico_SDK_v1.5.1/pico-sdk/src/common/pico_sync/lock_core.c.obj
                0x100010f8                lock_init
 .text.mutex_init
                0x10001108       0x1a CMakeFiles/Semaforo.dir/C_/Program_Files/Raspberry_Pi/Pico_SDK_v1.5.1/pico-sdk/src/common/pico_sync/mutex.c.obj
                0x10001108                mutex_init
 .text.recursive_mutex_init
                0x10001122       0x1e CMakeFiles/Semaforo.dir/C_/Program_Files/Raspberry_Pi/Pico_SDK_v1.5.1/pico-sdk/src/common/pico_sync/mutex.c.obj
                0x10001122                recursive_mutex_init
 .text.critical_section_init_with_lock_num
                0x10001140       0x14 CMakeFiles/Semaforo.dir/C_/Program_Files/Raspberry_Pi/Pico_SDK_v1.5.1/pico-sdk/src/common/pico_sync/critical_section.c.obj
                0x10001140                critical_section_init_with_lock_num
 .text.critical_section_init
                0x10001154       0x14 CMakeFiles/Semaforo.dir/C_/Program_Files/Raspberry_Pi/Pico_SDK_v1.5.1/pico-sdk/src/common/pico_sync/critical_section.c.obj
                0x10001154                critical_section_init
 .text.alarm_pool_post_alloc_init
                0x10001168       0x40 CMakeFiles/Semaforo.dir/C_/Program_Files/Raspberry_Pi/Pico_SDK_v1.5.1/pico-sdk/src/common/pico_time/time.c.obj
 .text.sleep_until_callback
                0x100011a8       0x30 CMakeFiles/Semaforo.dir/C_/Program_Files/Raspberry_Pi/Pico_SDK_v1.5.1/pico-sdk/src/common/pico_time/time.c.obj
 .text.timer_pool_entry_comparator
                0x100011d8       0x7c CMakeFiles/Semaforo.dir/C_/Program_Files/Raspberry_Pi/Pico_SDK_v1.5.1/pico-sdk/src/common/pico_time/time.c.obj
                0x100011d8                timer_pool_entry_comparator
 .text.ph_add_child_node
                0x10001254       0xa4 CMakeFiles/Semaforo.dir/C_/Program_Files/Raspberry_Pi/Pico_SDK_v1.5.1/pico-sdk/src/common/pico_time/time.c.obj
 .text.ph_merge_nodes
                0x100012f8       0x3e CMakeFiles/Semaforo.dir/C_/Program_Files/Raspberry_Pi/Pico_SDK_v1.5.1/pico-sdk/src/common/pico_time/time.c.obj
 *fill*         0x10001336        0x2 
 .text.add_alarm_under_lock
                0x10001338      0x174 CMakeFiles/Semaforo.dir/C_/Program_Files/Raspberry_Pi/Pico_SDK_v1.5.1/pico-sdk/src/common/pico_time/time.c.obj
 .text.alarm_pool_alarm_callback
                0x100014ac      0x33c CMakeFiles/Semaforo.dir/C_/Program_Files/Raspberry_Pi/Pico_SDK_v1.5.1/pico-sdk/src/common/pico_time/time.c.obj
 .text.alarm_pool_init_default
                0x100017e8       0x40 CMakeFiles/Semaforo.dir/C_/Program_Files/Raspberry_Pi/Pico_SDK_v1.5.1/pico-sdk/src/common/pico_time/time.c.obj
                0x100017e8                alarm_pool_init_default
 .text.alarm_pool_get_default
                0x10001828       0x2c CMakeFiles/Semaforo.dir/C_/Program_Files/Raspberry_Pi/Pico_SDK_v1.5.1/pico-sdk/src/common/pico_time/time.c.obj
                0x10001828                alarm_pool_get_default
 .text.alarm_pool_add_alarm_at
                0x10001854      0x168 CMakeFiles/Semaforo.dir/C_/Program_Files/Raspberry_Pi/Pico_SDK_v1.5.1/pico-sdk/src/common/pico_time/time.c.obj
                0x10001854                alarm_pool_add_alarm_at
 .text.alarm_pool_cancel_alarm
                0x100019bc       0xf8 CMakeFiles/Semaforo.dir/C_/Program_Files/Raspberry_Pi/Pico_SDK_v1.5.1/pico-sdk/src/common/pico_time/time.c.obj
                0x100019bc                alarm_pool_cancel_alarm
 .text.alarm_pool_core_num
                0x10001ab4        0x4 CMakeFiles/Semaforo.dir/C_/Program_Files/Raspberry_Pi/Pico_SDK_v1.5.1/pico-sdk/src/common/pico_time/time.c.obj
                0x10001ab4                alarm_pool_core_num
 .text.sleep_until
                0x10001ab8       0xfc CMakeFiles/Semaforo.dir/C_/Program_Files/Raspberry_Pi/Pico_SDK_v1.5.1/pico-sdk/src/common/pico_time/time.c.obj
                0x10001ab8                sleep_until
 .text.sleep_us
                0x10001bb4       0x58 CMakeFiles/Semaforo.dir/C_/Program_Files/Raspberry_Pi/Pico_SDK_v1.5.1/pico-sdk/src/common/pico_time/time.c.obj
                0x10001bb4                sleep_us
 .text.sleep_ms
                0x10001c0c       0x14 CMakeFiles/Semaforo.dir/C_/Program_Files/Raspberry_Pi/Pico_SDK_v1.5.1/pico-sdk/src/common/pico_time/time.c.obj
                0x10001c0c                sleep_ms
 .text.best_effort_wfe_or_timeout
                0x10001c20       0xac CMakeFiles/Semaforo.dir/C_/Program_Files/Raspberry_Pi/Pico_SDK_v1.5.1/pico-sdk/src/common/pico_time/time.c.obj
                0x10001c20                best_effort_wfe_or_timeout
 .text.hardware_alarm_irq_handler
                0x10001ccc       0x90 CMakeFiles/Semaforo.dir/C_/Program_Files/Raspberry_Pi/Pico_SDK_v1.5.1/pico-sdk/src/rp2_common/hardware_timer/timer.c.obj
 .text.hardware_alarm_claim
                0x10001d5c       0x18 CMakeFiles/Semaforo.dir/C_/Program_Files/Raspberry_Pi/Pico_SDK_v1.5.1/pico-sdk/src/rp2_common/hardware_timer/timer.c.obj
                0x10001d5c                hardware_alarm_claim
 .text.time_us_64
                0x10001d74       0x18 CMakeFiles/Semaforo.dir/C_/Program_Files/Raspberry_Pi/Pico_SDK_v1.5.1/pico-sdk/src/rp2_common/hardware_timer/timer.c.obj
                0x10001d74                time_us_64
 .text.busy_wait_until
                0x10001d8c       0x28 CMakeFiles/Semaforo.dir/C_/Program_Files/Raspberry_Pi/Pico_SDK_v1.5.1/pico-sdk/src/rp2_common/hardware_timer/timer.c.obj
                0x10001d8c                busy_wait_until
 .text.hardware_alarm_set_callback
                0x10001db4       0x90 CMakeFiles/Semaforo.dir/C_/Program_Files/Raspberry_Pi/Pico_SDK_v1.5.1/pico-sdk/src/rp2_common/hardware_timer/timer.c.obj
                0x10001db4                hardware_alarm_set_callback
 .text.hardware_alarm_set_target
                0x10001e44       0xe8 CMakeFiles/Semaforo.dir/C_/Program_Files/Raspberry_Pi/Pico_SDK_v1.5.1/pico-sdk/src/rp2_common/hardware_timer/timer.c.obj
                0x10001e44                hardware_alarm_set_target
 .text.hardware_alarm_cancel
                0x10001f2c       0x40 CMakeFiles/Semaforo.dir/C_/Program_Files/Raspberry_Pi/Pico_SDK_v1.5.1/pico-sdk/src/rp2_common/hardware_timer/timer.c.obj
                0x10001f2c                hardware_alarm_cancel
 .text.ph_add_child_node
                0x10001f6c       0xa4 CMakeFiles/Semaforo.dir/C_/Program_Files/Raspberry_Pi/Pico_SDK_v1.5.1/pico-sdk/src/common/pico_util/pheap.c.obj
 .text.ph_merge_nodes
                0x10002010       0x3e CMakeFiles/Semaforo.dir/C_/Program_Files/Raspberry_Pi/Pico_SDK_v1.5.1/pico-sdk/src/common/pico_util/pheap.c.obj
 *fill*         0x1000204e        0x2 
 .text.ph_clear
                0x10002050       0x70 CMakeFiles/Semaforo.dir/C_/Program_Files/Raspberry_Pi/Pico_SDK_v1.5.1/pico-sdk/src/common/pico_util/pheap.c.obj
                0x10002050                ph_clear
 .text.ph_post_alloc_init
                0x100020c0        0xe CMakeFiles/Semaforo.dir/C_/Program_Files/Raspberry_Pi/Pico_SDK_v1.5.1/pico-sdk/src/common/pico_util/pheap.c.obj
                0x100020c0                ph_post_alloc_init
 *fill*         0x100020ce        0x2 
 .text.ph_merge_two_pass
                0x100020d0       0xa8 CMakeFiles/Semaforo.dir/C_/Program_Files/Raspberry_Pi/Pico_SDK_v1.5.1/pico-sdk/src/common/pico_util/pheap.c.obj
                0x100020d0                ph_merge_two_pass
 .text.ph_remove_any_head
                0x10002178      0x128 CMakeFiles/Semaforo.dir/C_/Program_Files/Raspberry_Pi/Pico_SDK_v1.5.1/pico-sdk/src/common/pico_util/pheap.c.obj
 .text.ph_remove_head
                0x100022a0       0x14 CMakeFiles/Semaforo.dir/C_/Program_Files/Raspberry_Pi/Pico_SDK_v1.5.1/pico-sdk/src/common/pico_util/pheap.c.obj
                0x100022a0                ph_remove_head
 .text.ph_remove_and_free_node
                0x100022b4       0xf8 CMakeFiles/Semaforo.dir/C_/Program_Files/Raspberry_Pi/Pico_SDK_v1.5.1/pico-sdk/src/common/pico_util/pheap.c.obj
                0x100022b4                ph_remove_and_free_node
 .text.clock_configure
                0x100023ac      0x108 CMakeFiles/Semaforo.dir/C_/Program_Files/Raspberry_Pi/Pico_SDK_v1.5.1/pico-sdk/src/rp2_common/hardware_clocks/clocks.c.obj
                0x100023ac                clock_configure
 .text.clocks_init
                0x100024b4      0x100 CMakeFiles/Semaforo.dir/C_/Program_Files/Raspberry_Pi/Pico_SDK_v1.5.1/pico-sdk/src/rp2_common/hardware_clocks/clocks.c.obj
                0x100024b4                clocks_init
 .text.pll_init
                0x100025b4      0x120 CMakeFiles/Semaforo.dir/C_/Program_Files/Raspberry_Pi/Pico_SDK_v1.5.1/pico-sdk/src/rp2_common/hardware_pll/pll.c.obj
                0x100025b4                pll_init
 .text.watchdog_start_tick
                0x100026d4       0x10 CMakeFiles/Semaforo.dir/C_/Program_Files/Raspberry_Pi/Pico_SDK_v1.5.1/pico-sdk/src/rp2_common/hardware_watchdog/watchdog.c.obj
                0x100026d4                watchdog_start_tick
 .text.watchdog_update
                0x100026e4       0x14 CMakeFiles/Semaforo.dir/C_/Program_Files/Raspberry_Pi/Pico_SDK_v1.5.1/pico-sdk/src/rp2_common/hardware_watchdog/watchdog.c.obj
                0x100026e4                watchdog_update
 .text._watchdog_enable
                0x100026f8       0x78 CMakeFiles/Semaforo.dir/C_/Program_Files/Raspberry_Pi/Pico_SDK_v1.5.1/pico-sdk/src/rp2_common/hardware_watchdog/watchdog.c.obj
                0x100026f8                _watchdog_enable
 .text.watchdog_reboot
                0x10002770       0x48 CMakeFiles/Semaforo.dir/C_/Program_Files/Raspberry_Pi/Pico_SDK_v1.5.1/pico-sdk/src/rp2_common/hardware_watchdog/watchdog.c.obj
                0x10002770                watchdog_reboot
 .text.xosc_init
                0x100027b8       0x28 CMakeFiles/Semaforo.dir/C_/Program_Files/Raspberry_Pi/Pico_SDK_v1.5.1/pico-sdk/src/rp2_common/hardware_xosc/xosc.c.obj
                0x100027b8                xosc_init
 .text._exit    0x100027e0        0x4 CMakeFiles/Semaforo.dir/C_/Program_Files/Raspberry_Pi/Pico_SDK_v1.5.1/pico-sdk/src/rp2_common/pico_runtime/runtime.c.obj
                0x100027e0                _exit
 .text.exit     0x100027e4        0x6 CMakeFiles/Semaforo.dir/C_/Program_Files/Raspberry_Pi/Pico_SDK_v1.5.1/pico-sdk/src/rp2_common/pico_runtime/runtime.c.obj
                0x100027e4                exit
 *fill*         0x100027ea        0x2 
 .text.__assert_func
                0x100027ec       0x3c CMakeFiles/Semaforo.dir/C_/Program_Files/Raspberry_Pi/Pico_SDK_v1.5.1/pico-sdk/src/rp2_common/pico_runtime/runtime.c.obj
                0x100027ec                __assert_func
 .text.runtime_init
                0x10002828       0xf8 CMakeFiles/Semaforo.dir/C_/Program_Files/Raspberry_Pi/Pico_SDK_v1.5.1/pico-sdk/src/rp2_common/pico_runtime/runtime.c.obj
                0x10002828                runtime_init
 .text.panic    0x10002920       0x30 CMakeFiles/Semaforo.dir/C_/Program_Files/Raspberry_Pi/Pico_SDK_v1.5.1/pico-sdk/src/rp2_common/pico_runtime/runtime.c.obj
                0x10002920                panic
 .text._out_null
                0x10002950        0x2 CMakeFiles/Semaforo.dir/C_/Program_Files/Raspberry_Pi/Pico_SDK_v1.5.1/pico-sdk/src/rp2_common/pico_printf/printf.c.obj
 .text._out_fct
                0x10002952        0xe CMakeFiles/Semaforo.dir/C_/Program_Files/Raspberry_Pi/Pico_SDK_v1.5.1/pico-sdk/src/rp2_common/pico_printf/printf.c.obj
 .text._atoi    0x10002960       0x24 CMakeFiles/Semaforo.dir/C_/Program_Files/Raspberry_Pi/Pico_SDK_v1.5.1/pico-sdk/src/rp2_common/pico_printf/printf.c.obj
 .text._out_rev
                0x10002984       0xae CMakeFiles/Semaforo.dir/C_/Program_Files/Raspberry_Pi/Pico_SDK_v1.5.1/pico-sdk/src/rp2_common/pico_printf/printf.c.obj
 .text._ntoa_format
                0x10002a32      0x112 CMakeFiles/Semaforo.dir/C_/Program_Files/Raspberry_Pi/Pico_SDK_v1.5.1/pico-sdk/src/rp2_common/pico_printf/printf.c.obj
 .text._ntoa_long
                0x10002b44       0xbc CMakeFiles/Semaforo.dir/C_/Program_Files/Raspberry_Pi/Pico_SDK_v1.5.1/pico-sdk/src/rp2_common/pico_printf/printf.c.obj
 .text._ntoa_long_long
                0x10002c00       0xe2 CMakeFiles/Semaforo.dir/C_/Program_Files/Raspberry_Pi/Pico_SDK_v1.5.1/pico-sdk/src/rp2_common/pico_printf/printf.c.obj
 *fill*         0x10002ce2        0x2 
 .text._etoa    0x10002ce4      0x414 CMakeFiles/Semaforo.dir/C_/Program_Files/Raspberry_Pi/Pico_SDK_v1.5.1/pico-sdk/src/rp2_common/pico_printf/printf.c.obj
 .text._ftoa    0x100030f8      0x354 CMakeFiles/Semaforo.dir/C_/Program_Files/Raspberry_Pi/Pico_SDK_v1.5.1/pico-sdk/src/rp2_common/pico_printf/printf.c.obj
 .text._vsnprintf
                0x1000344c      0x624 CMakeFiles/Semaforo.dir/C_/Program_Files/Raspberry_Pi/Pico_SDK_v1.5.1/pico-sdk/src/rp2_common/pico_printf/printf.c.obj
 .text.vfctprintf
                0x10003a70       0x20 CMakeFiles/Semaforo.dir/C_/Program_Files/Raspberry_Pi/Pico_SDK_v1.5.1/pico-sdk/src/rp2_common/pico_printf/printf.c.obj
                0x10003a70                vfctprintf
 .text          0x10003a90       0x10 CMakeFiles/Semaforo.dir/C_/Program_Files/Raspberry_Pi/Pico_SDK_v1.5.1/pico-sdk/src/rp2_common/pico_bit_ops/bit_ops_aeabi.S.obj
 .text.rom_func_lookup
                0x10003aa0       0x10 CMakeFiles/Semaforo.dir/C_/Program_Files/Raspberry_Pi/Pico_SDK_v1.5.1/pico-sdk/src/rp2_common/pico_bootrom/bootrom.c.obj
                0x10003aa0                rom_func_lookup
 .text.rom_data_lookup
                0x10003ab0       0x10 CMakeFiles/Semaforo.dir/C_/Program_Files/Raspberry_Pi/Pico_SDK_v1.5.1/pico-sdk/src/rp2_common/pico_bootrom/bootrom.c.obj
                0x10003ab0                rom_data_lookup
 .text.rom_funcs_lookup
                0x10003ac0       0x36 CMakeFiles/Semaforo.dir/C_/Program_Files/Raspberry_Pi/Pico_SDK_v1.5.1/pico-sdk/src/rp2_common/pico_bootrom/bootrom.c.obj
                0x10003ac0                rom_funcs_lookup
 *fill*         0x10003af6        0x2 
 .text.__wrap___aeabi_idiv
                0x10003af8       0x50 CMakeFiles/Semaforo.dir/C_/Program_Files/Raspberry_Pi/Pico_SDK_v1.5.1/pico-sdk/src/rp2_common/pico_divider/divider.S.obj
                0x10003af8                __wrap___aeabi_idivmod
                0x10003af8                divmod_s32s32
                0x10003af8                div_s32s32
                0x10003af8                __wrap___aeabi_idiv
                0x10003b00                divmod_s32s32_unsafe
                0x10003b2c                divmod_s32s32_savestate
 .text.__wrap___aeabi_uidiv
                0x10003b48       0x4c CMakeFiles/Semaforo.dir/C_/Program_Files/Raspberry_Pi/Pico_SDK_v1.5.1/pico-sdk/src/rp2_common/pico_divider/divider.S.obj
                0x10003b48                __wrap___aeabi_uidiv
                0x10003b48                __wrap___aeabi_uidivmod
                0x10003b48                div_u32u32
                0x10003b48                divmod_u32u32
                0x10003b50                divmod_u32u32_unsafe
                0x10003b78                divmod_u32u32_savestate
 .text.__wrap___aeabi_ldiv
                0x10003b94      0x424 CMakeFiles/Semaforo.dir/C_/Program_Files/Raspberry_Pi/Pico_SDK_v1.5.1/pico-sdk/src/rp2_common/pico_divider/divider.S.obj
                0x10003b94                div_s64s64
                0x10003b94                divmod_s64s64
                0x10003b94                __wrap___aeabi_ldivmod
                0x10003bc4                divmod_u64u64
                0x10003bc4                div_u64u64
                0x10003bc4                __wrap___aeabi_uldivmod
                0x10003bd4                divmod_u64u64_savestate
                0x10003bf4                divmod_s64s64_unsafe
                0x10003c7c                divmod_u64u64_unsafe
 .text.__wrap___aeabi_darithmetic
                0x10003fb8       0x80 CMakeFiles/Semaforo.dir/C_/Program_Files/Raspberry_Pi/Pico_SDK_v1.5.1/pico-sdk/src/rp2_common/pico_double/double_aeabi.S.obj
                0x10003fb8                __wrap___aeabi_drsub
                0x10003fbe                __wrap___aeabi_dsub
                0x10003fd0                __wrap___aeabi_dadd
                0x10003fe2                __wrap___aeabi_ddiv
                0x1000401e                __wrap___aeabi_dmul
 .text.__wrap___aeabi_cdcmple
                0x10004038       0x6c CMakeFiles/Semaforo.dir/C_/Program_Files/Raspberry_Pi/Pico_SDK_v1.5.1/pico-sdk/src/rp2_common/pico_double/double_aeabi.S.obj
                0x10004038                __wrap___aeabi_cdrcmple
                0x10004048                __wrap___aeabi_cdcmpeq
                0x10004048                __wrap___aeabi_cdcmple
 .text.__wrap___aeabi_dcmplt
                0x100040a4        0xc CMakeFiles/Semaforo.dir/C_/Program_Files/Raspberry_Pi/Pico_SDK_v1.5.1/pico-sdk/src/rp2_common/pico_double/double_aeabi.S.obj
                0x100040a4                __wrap___aeabi_dcmplt
 .text.__wrap___aeabi_dcmple
                0x100040b0       0x10 CMakeFiles/Semaforo.dir/C_/Program_Files/Raspberry_Pi/Pico_SDK_v1.5.1/pico-sdk/src/rp2_common/pico_double/double_aeabi.S.obj
                0x100040b0                __wrap___aeabi_dcmple
 .text.__wrap___aeabi_dcmpge
                0x100040c0       0x10 CMakeFiles/Semaforo.dir/C_/Program_Files/Raspberry_Pi/Pico_SDK_v1.5.1/pico-sdk/src/rp2_common/pico_double/double_aeabi.S.obj
                0x100040c0                __wrap___aeabi_dcmpge
 .text.__wrap___aeabi_dcmpgt
                0x100040d0        0xa CMakeFiles/Semaforo.dir/C_/Program_Files/Raspberry_Pi/Pico_SDK_v1.5.1/pico-sdk/src/rp2_common/pico_double/double_aeabi.S.obj
                0x100040d0                __wrap___aeabi_dcmpgt
 .text.__wrap___aeabi_dcmpun
                0x100040da       0x1c CMakeFiles/Semaforo.dir/C_/Program_Files/Raspberry_Pi/Pico_SDK_v1.5.1/pico-sdk/src/rp2_common/pico_double/double_aeabi.S.obj
                0x100040da                __wrap___aeabi_dcmpun
 *fill*         0x100040f6        0x2 
 .text.__wrap___aeabi_i2d
                0x100040f8       0x38 CMakeFiles/Semaforo.dir/C_/Program_Files/Raspberry_Pi/Pico_SDK_v1.5.1/pico-sdk/src/rp2_common/pico_double/double_aeabi.S.obj
                0x100040f8                __wrap___aeabi_ui2d
                0x10004100                __wrap___aeabi_i2d
 .text.__wrap___aeabi_d2iz
                0x10004130       0x48 CMakeFiles/Semaforo.dir/C_/Program_Files/Raspberry_Pi/Pico_SDK_v1.5.1/pico-sdk/src/rp2_common/pico_double/double_aeabi.S.obj
                0x10004130                double2int_z
                0x10004130                __wrap___aeabi_d2iz
 .text.__wrap___aeabi_d2uiz
                0x10004178       0x18 CMakeFiles/Semaforo.dir/C_/Program_Files/Raspberry_Pi/Pico_SDK_v1.5.1/pico-sdk/src/rp2_common/pico_double/double_aeabi.S.obj
                0x10004178                __wrap___aeabi_d2uiz
                0x10004178                double2uint
 .text.__aeabi_double_init
                0x10004190       0xc8 CMakeFiles/Semaforo.dir/C_/Program_Files/Raspberry_Pi/Pico_SDK_v1.5.1/pico-sdk/src/rp2_common/pico_double/double_init_rom.c.obj
                0x10004190                __aeabi_double_init
 .text.double_table_shim_on_use_helper
                0x10004258       0x34 CMakeFiles/Semaforo.dir/C_/Program_Files/Raspberry_Pi/Pico_SDK_v1.5.1/pico-sdk/src/rp2_common/pico_double/double_v1_rom_shim.S.obj
                0x10004258                double_table_shim_on_use_helper
 .text.__wrap___aeabi_dsub
                0x1000428c       0x10 CMakeFiles/Semaforo.dir/C_/Program_Files/Raspberry_Pi/Pico_SDK_v1.5.1/pico-sdk/src/rp2_common/pico_double/double_v1_rom_shim.S.obj
                0x1000428c                drsub_shim
                0x10004292                dsub_shim
 .text.dadd_shim
                0x1000429c      0x15c CMakeFiles/Semaforo.dir/C_/Program_Files/Raspberry_Pi/Pico_SDK_v1.5.1/pico-sdk/src/rp2_common/pico_double/double_v1_rom_shim.S.obj
                0x1000429c                dadd_shim
 .text.dmul_shim
                0x100043f8      0x15c CMakeFiles/Semaforo.dir/C_/Program_Files/Raspberry_Pi/Pico_SDK_v1.5.1/pico-sdk/src/rp2_common/pico_double/double_v1_rom_shim.S.obj
                0x100043f8                dmul_shim
 .text.ddiv_shim
                0x10004554      0x1b0 CMakeFiles/Semaforo.dir/C_/Program_Files/Raspberry_Pi/Pico_SDK_v1.5.1/pico-sdk/src/rp2_common/pico_double/double_v1_rom_shim.S.obj
                0x10004554                ddiv_shim
 .text.double2uint_shim
                0x10004704        0xe CMakeFiles/Semaforo.dir/C_/Program_Files/Raspberry_Pi/Pico_SDK_v1.5.1/pico-sdk/src/rp2_common/pico_double/double_v1_rom_shim.S.obj
                0x10004704                double2uint_shim
                0x10004706                double2ufix_shim
 *fill*         0x10004712        0x2 
 .text.double2uint64_shim
                0x10004714       0x70 CMakeFiles/Semaforo.dir/C_/Program_Files/Raspberry_Pi/Pico_SDK_v1.5.1/pico-sdk/src/rp2_common/pico_double/double_v1_rom_shim.S.obj
                0x10004714                double2uint64_shim
                0x10004716                double2ufix64_shim
                0x10004736                d2fix_a
 .text.dunpacks
                0x10004784       0x3c CMakeFiles/Semaforo.dir/C_/Program_Files/Raspberry_Pi/Pico_SDK_v1.5.1/pico-sdk/src/rp2_common/pico_double/double_v1_rom_shim.S.obj
                0x10004784                dunpacks
 .text.__aeabi_lmul
                0x100047c0       0x32 CMakeFiles/Semaforo.dir/C_/Program_Files/Raspberry_Pi/Pico_SDK_v1.5.1/pico-sdk/src/rp2_common/pico_int64_ops/pico_int64_ops_aeabi.S.obj
                0x100047c0                __wrap___aeabi_lmul
 *fill*         0x100047f2        0x2 
 .text.__aeabi_float_init
                0x100047f4       0xfc CMakeFiles/Semaforo.dir/C_/Program_Files/Raspberry_Pi/Pico_SDK_v1.5.1/pico-sdk/src/rp2_common/pico_float/float_init_rom.c.obj
                0x100047f4                __aeabi_float_init
 .text.float_table_shim_on_use_helper
                0x100048f0       0x34 CMakeFiles/Semaforo.dir/C_/Program_Files/Raspberry_Pi/Pico_SDK_v1.5.1/pico-sdk/src/rp2_common/pico_float/float_v1_rom_shim.S.obj
                0x100048f0                float_table_shim_on_use_helper
 .text          0x10004924       0x10 CMakeFiles/Semaforo.dir/C_/Program_Files/Raspberry_Pi/Pico_SDK_v1.5.1/pico-sdk/src/rp2_common/pico_mem_ops/mem_ops_aeabi.S.obj
                0x10004924                __aeabi_mem_init
 .text.memset   0x10004934        0xc CMakeFiles/Semaforo.dir/C_/Program_Files/Raspberry_Pi/Pico_SDK_v1.5.1/pico-sdk/src/rp2_common/pico_mem_ops/mem_ops_aeabi.S.obj
                0x10004934                __wrap_memset
 .text.memcpy   0x10004940        0xc CMakeFiles/Semaforo.dir/C_/Program_Files/Raspberry_Pi/Pico_SDK_v1.5.1/pico-sdk/src/rp2_common/pico_mem_ops/mem_ops_aeabi.S.obj
                0x10004940                __wrap_memcpy
                0x10004940                __wrap___aeabi_memcpy
 .text.stdio_out_chars_no_crlf
                0x1000494c        0xe CMakeFiles/Semaforo.dir/C_/Program_Files/Raspberry_Pi/Pico_SDK_v1.5.1/pico-sdk/src/rp2_common/pico_stdio/stdio.c.obj
 *fill*         0x1000495a        0x2 
 .text.stdio_out_chars_crlf
                0x1000495c       0x80 CMakeFiles/Semaforo.dir/C_/Program_Files/Raspberry_Pi/Pico_SDK_v1.5.1/pico-sdk/src/rp2_common/pico_stdio/stdio.c.obj
 .text.stdio_stack_buffer_flush
                0x100049dc       0x44 CMakeFiles/Semaforo.dir/C_/Program_Files/Raspberry_Pi/Pico_SDK_v1.5.1/pico-sdk/src/rp2_common/pico_stdio/stdio.c.obj
 .text.stdio_buffered_printer
                0x10004a20       0x20 CMakeFiles/Semaforo.dir/C_/Program_Files/Raspberry_Pi/Pico_SDK_v1.5.1/pico-sdk/src/rp2_common/pico_stdio/stdio.c.obj
 .text.stdout_serialize_begin
                0x10004a40       0x5c CMakeFiles/Semaforo.dir/C_/Program_Files/Raspberry_Pi/Pico_SDK_v1.5.1/pico-sdk/src/rp2_common/pico_stdio/stdio.c.obj
                0x10004a40                stdout_serialize_begin
 .text.stdout_serialize_end
                0x10004a9c       0x10 CMakeFiles/Semaforo.dir/C_/Program_Files/Raspberry_Pi/Pico_SDK_v1.5.1/pico-sdk/src/rp2_common/pico_stdio/stdio.c.obj
                0x10004a9c                stdout_serialize_end
 .text.stdio_put_string
                0x10004aac       0x98 CMakeFiles/Semaforo.dir/C_/Program_Files/Raspberry_Pi/Pico_SDK_v1.5.1/pico-sdk/src/rp2_common/pico_stdio/stdio.c.obj
 .text.stdio_set_driver_enabled
                0x10004b44       0x2c CMakeFiles/Semaforo.dir/C_/Program_Files/Raspberry_Pi/Pico_SDK_v1.5.1/pico-sdk/src/rp2_common/pico_stdio/stdio.c.obj
                0x10004b44                stdio_set_driver_enabled
 .text.stdio_flush
                0x10004b70       0x20 CMakeFiles/Semaforo.dir/C_/Program_Files/Raspberry_Pi/Pico_SDK_v1.5.1/pico-sdk/src/rp2_common/pico_stdio/stdio.c.obj
                0x10004b70                stdio_flush
 .text.__wrap_puts
                0x10004b90       0x1e CMakeFiles/Semaforo.dir/C_/Program_Files/Raspberry_Pi/Pico_SDK_v1.5.1/pico-sdk/src/rp2_common/pico_stdio/stdio.c.obj
                0x10004b90                __wrap_puts
 *fill*         0x10004bae        0x2 
 .text.__wrap_vprintf
                0x10004bb0       0x40 CMakeFiles/Semaforo.dir/C_/Program_Files/Raspberry_Pi/Pico_SDK_v1.5.1/pico-sdk/src/rp2_common/pico_stdio/stdio.c.obj
                0x10004bb0                __wrap_vprintf
 .text.__wrap_printf
                0x10004bf0       0x18 CMakeFiles/Semaforo.dir/C_/Program_Files/Raspberry_Pi/Pico_SDK_v1.5.1/pico-sdk/src/rp2_common/pico_stdio/stdio.c.obj
                0x10004bf0                __wrap_printf
 .text.stdio_init_all
                0x10004c08        0x8 CMakeFiles/Semaforo.dir/C_/Program_Files/Raspberry_Pi/Pico_SDK_v1.5.1/pico-sdk/src/rp2_common/pico_stdio/stdio.c.obj
                0x10004c08                stdio_init_all
 .text.resetd_init
                0x10004c10        0x2 CMakeFiles/Semaforo.dir/C_/Program_Files/Raspberry_Pi/Pico_SDK_v1.5.1/pico-sdk/src/rp2_common/pico_stdio_usb/reset_interface.c.obj
 *fill*         0x10004c12        0x2 
 .text.resetd_reset
                0x10004c14        0xc CMakeFiles/Semaforo.dir/C_/Program_Files/Raspberry_Pi/Pico_SDK_v1.5.1/pico-sdk/src/rp2_common/pico_stdio_usb/reset_interface.c.obj
 .text.resetd_open
                0x10004c20       0x34 CMakeFiles/Semaforo.dir/C_/Program_Files/Raspberry_Pi/Pico_SDK_v1.5.1/pico-sdk/src/rp2_common/pico_stdio_usb/reset_interface.c.obj
 .text.resetd_xfer_cb
                0x10004c54        0x4 CMakeFiles/Semaforo.dir/C_/Program_Files/Raspberry_Pi/Pico_SDK_v1.5.1/pico-sdk/src/rp2_common/pico_stdio_usb/reset_interface.c.obj
 .text.reset_usb_boot
                0x10004c58       0x18 CMakeFiles/Semaforo.dir/C_/Program_Files/Raspberry_Pi/Pico_SDK_v1.5.1/pico-sdk/src/rp2_common/pico_stdio_usb/reset_interface.c.obj
 .text.resetd_control_xfer_cb
                0x10004c70       0x5c CMakeFiles/Semaforo.dir/C_/Program_Files/Raspberry_Pi/Pico_SDK_v1.5.1/pico-sdk/src/rp2_common/pico_stdio_usb/reset_interface.c.obj
 .text.usbd_app_driver_get_cb
                0x10004ccc        0xc CMakeFiles/Semaforo.dir/C_/Program_Files/Raspberry_Pi/Pico_SDK_v1.5.1/pico-sdk/src/rp2_common/pico_stdio_usb/reset_interface.c.obj
                0x10004ccc                usbd_app_driver_get_cb
 .text.tud_cdc_line_coding_cb
                0x10004cd8       0x28 CMakeFiles/Semaforo.dir/C_/Program_Files/Raspberry_Pi/Pico_SDK_v1.5.1/pico-sdk/src/rp2_common/pico_stdio_usb/reset_interface.c.obj
                0x10004cd8                tud_cdc_line_coding_cb
 .text.stdio_usb_set_chars_available_callback
                0x10004d00       0x14 CMakeFiles/Semaforo.dir/C_/Program_Files/Raspberry_Pi/Pico_SDK_v1.5.1/pico-sdk/src/rp2_common/pico_stdio_usb/stdio_usb.c.obj
                0x10004d00                stdio_usb_set_chars_available_callback
 .text.usb_irq  0x10004d14       0x10 CMakeFiles/Semaforo.dir/C_/Program_Files/Raspberry_Pi/Pico_SDK_v1.5.1/pico-sdk/src/rp2_common/pico_stdio_usb/stdio_usb.c.obj
 .text.timer_task
                0x10004d24       0x5c CMakeFiles/Semaforo.dir/C_/Program_Files/Raspberry_Pi/Pico_SDK_v1.5.1/pico-sdk/src/rp2_common/pico_stdio_usb/stdio_usb.c.obj
 .text.low_priority_worker_irq
                0x10004d80       0xdc CMakeFiles/Semaforo.dir/C_/Program_Files/Raspberry_Pi/Pico_SDK_v1.5.1/pico-sdk/src/rp2_common/pico_stdio_usb/stdio_usb.c.obj
 .text.tud_cdc_rx_cb
                0x10004e5c       0x20 CMakeFiles/Semaforo.dir/C_/Program_Files/Raspberry_Pi/Pico_SDK_v1.5.1/pico-sdk/src/rp2_common/pico_stdio_usb/stdio_usb.c.obj
                0x10004e5c                tud_cdc_rx_cb
 .text.stdio_usb_init
                0x10004e7c      0x11c CMakeFiles/Semaforo.dir/C_/Program_Files/Raspberry_Pi/Pico_SDK_v1.5.1/pico-sdk/src/rp2_common/pico_stdio_usb/stdio_usb.c.obj
                0x10004e7c                stdio_usb_init
 .text.stdio_usb_connected
                0x10004f98        0xa CMakeFiles/Semaforo.dir/C_/Program_Files/Raspberry_Pi/Pico_SDK_v1.5.1/pico-sdk/src/rp2_common/pico_stdio_usb/stdio_usb.c.obj
                0x10004f98                stdio_usb_connected
 *fill*         0x10004fa2        0x2 
 .text.stdio_usb_in_chars
                0x10004fa4       0xc4 CMakeFiles/Semaforo.dir/C_/Program_Files/Raspberry_Pi/Pico_SDK_v1.5.1/pico-sdk/src/rp2_common/pico_stdio_usb/stdio_usb.c.obj
                0x10004fa4                stdio_usb_in_chars
 .text.stdio_usb_out_chars
                0x10005068      0x114 CMakeFiles/Semaforo.dir/C_/Program_Files/Raspberry_Pi/Pico_SDK_v1.5.1/pico-sdk/src/rp2_common/pico_stdio_usb/stdio_usb.c.obj
 .text.tud_descriptor_device_cb
                0x1000517c        0x8 CMakeFiles/Semaforo.dir/C_/Program_Files/Raspberry_Pi/Pico_SDK_v1.5.1/pico-sdk/src/rp2_common/pico_stdio_usb/stdio_usb_descriptors.c.obj
                0x1000517c                tud_descriptor_device_cb
 .text.tud_descriptor_configuration_cb
                0x10005184        0x8 CMakeFiles/Semaforo.dir/C_/Program_Files/Raspberry_Pi/Pico_SDK_v1.5.1/pico-sdk/src/rp2_common/pico_stdio_usb/stdio_usb_descriptors.c.obj
                0x10005184                tud_descriptor_configuration_cb
 .text.tud_descriptor_string_cb
                0x1000518c       0x6c CMakeFiles/Semaforo.dir/C_/Program_Files/Raspberry_Pi/Pico_SDK_v1.5.1/pico-sdk/src/rp2_common/pico_stdio_usb/stdio_usb_descriptors.c.obj
                0x1000518c                tud_descriptor_string_cb
 .text._retrieve_unique_id_on_boot
                0x100051f8       0x10 CMakeFiles/Semaforo.dir/C_/Program_Files/Raspberry_Pi/Pico_SDK_v1.5.1/pico-sdk/src/rp2_common/pico_unique_id/unique_id.c.obj
 .text.pico_get_unique_board_id_string
                0x10005208       0x60 CMakeFiles/Semaforo.dir/C_/Program_Files/Raspberry_Pi/Pico_SDK_v1.5.1/pico-sdk/src/rp2_common/pico_unique_id/unique_id.c.obj
                0x10005208                pico_get_unique_board_id_string
 .text.flash_get_unique_id
                0x10005268       0x46 CMakeFiles/Semaforo.dir/C_/Program_Files/Raspberry_Pi/Pico_SDK_v1.5.1/pico-sdk/src/rp2_common/hardware_flash/flash.c.obj
                0x10005268                flash_get_unique_id
 *fill*         0x100052ae        0x2 
 .text.hw_endpoint_get_by_addr
                0x100052b0       0x18 CMakeFiles/Semaforo.dir/C_/Program_Files/Raspberry_Pi/Pico_SDK_v1.5.1/pico-sdk/lib/tinyusb/src/portable/raspberrypi/rp2040/dcd_rp2040.c.obj
 .text._hw_endpoint_alloc
                0x100052c8       0x70 CMakeFiles/Semaforo.dir/C_/Program_Files/Raspberry_Pi/Pico_SDK_v1.5.1/pico-sdk/lib/tinyusb/src/portable/raspberrypi/rp2040/dcd_rp2040.c.obj
 .text.hw_endpoint_init
                0x10005338       0x88 CMakeFiles/Semaforo.dir/C_/Program_Files/Raspberry_Pi/Pico_SDK_v1.5.1/pico-sdk/lib/tinyusb/src/portable/raspberrypi/rp2040/dcd_rp2040.c.obj
 .text.hw_endpoint_xfer
                0x100053c0       0x14 CMakeFiles/Semaforo.dir/C_/Program_Files/Raspberry_Pi/Pico_SDK_v1.5.1/pico-sdk/lib/tinyusb/src/portable/raspberrypi/rp2040/dcd_rp2040.c.obj
 .text.dcd_int_enable
                0x100053d4       0x2c CMakeFiles/Semaforo.dir/C_/Program_Files/Raspberry_Pi/Pico_SDK_v1.5.1/pico-sdk/lib/tinyusb/src/portable/raspberrypi/rp2040/dcd_rp2040.c.obj
                0x100053d4                dcd_int_enable
 .text.dcd_set_address
                0x10005400       0x2c CMakeFiles/Semaforo.dir/C_/Program_Files/Raspberry_Pi/Pico_SDK_v1.5.1/pico-sdk/lib/tinyusb/src/portable/raspberrypi/rp2040/dcd_rp2040.c.obj
                0x10005400                dcd_set_address
 .text.dcd_connect
                0x1000542c       0x10 CMakeFiles/Semaforo.dir/C_/Program_Files/Raspberry_Pi/Pico_SDK_v1.5.1/pico-sdk/lib/tinyusb/src/portable/raspberrypi/rp2040/dcd_rp2040.c.obj
                0x1000542c                dcd_connect
 .text.dcd_init
                0x1000543c       0x80 CMakeFiles/Semaforo.dir/C_/Program_Files/Raspberry_Pi/Pico_SDK_v1.5.1/pico-sdk/lib/tinyusb/src/portable/raspberrypi/rp2040/dcd_rp2040.c.obj
                0x1000543c                dcd_init
 .text.dcd_edpt0_status_complete
                0x100054bc       0x1c CMakeFiles/Semaforo.dir/C_/Program_Files/Raspberry_Pi/Pico_SDK_v1.5.1/pico-sdk/lib/tinyusb/src/portable/raspberrypi/rp2040/dcd_rp2040.c.obj
                0x100054bc                dcd_edpt0_status_complete
 .text.dcd_edpt_open
                0x100054d8       0x40 CMakeFiles/Semaforo.dir/C_/Program_Files/Raspberry_Pi/Pico_SDK_v1.5.1/pico-sdk/lib/tinyusb/src/portable/raspberrypi/rp2040/dcd_rp2040.c.obj
                0x100054d8                dcd_edpt_open
 .text.dcd_edpt_close_all
                0x10005518        0x8 CMakeFiles/Semaforo.dir/C_/Program_Files/Raspberry_Pi/Pico_SDK_v1.5.1/pico-sdk/lib/tinyusb/src/portable/raspberrypi/rp2040/dcd_rp2040.c.obj
                0x10005518                dcd_edpt_close_all
 .text.dcd_edpt_xfer
                0x10005520       0x34 CMakeFiles/Semaforo.dir/C_/Program_Files/Raspberry_Pi/Pico_SDK_v1.5.1/pico-sdk/lib/tinyusb/src/portable/raspberrypi/rp2040/dcd_rp2040.c.obj
                0x10005520                dcd_edpt_xfer
 .text.dcd_edpt_stall
                0x10005554       0x2c CMakeFiles/Semaforo.dir/C_/Program_Files/Raspberry_Pi/Pico_SDK_v1.5.1/pico-sdk/lib/tinyusb/src/portable/raspberrypi/rp2040/dcd_rp2040.c.obj
                0x10005554                dcd_edpt_stall
 .text.dcd_edpt_clear_stall
                0x10005580       0x20 CMakeFiles/Semaforo.dir/C_/Program_Files/Raspberry_Pi/Pico_SDK_v1.5.1/pico-sdk/lib/tinyusb/src/portable/raspberrypi/rp2040/dcd_rp2040.c.obj
                0x10005580                dcd_edpt_clear_stall
 .text.rp2040_usb_init
                0x100055a0       0x4c CMakeFiles/Semaforo.dir/C_/Program_Files/Raspberry_Pi/Pico_SDK_v1.5.1/pico-sdk/lib/tinyusb/src/portable/raspberrypi/rp2040/rp2040_usb.c.obj
                0x100055a0                rp2040_usb_init
 .text.hw_endpoint_xfer_start
                0x100055ec       0x50 CMakeFiles/Semaforo.dir/C_/Program_Files/Raspberry_Pi/Pico_SDK_v1.5.1/pico-sdk/lib/tinyusb/src/portable/raspberrypi/rp2040/rp2040_usb.c.obj
                0x100055ec                hw_endpoint_xfer_start
 .text.configuration_reset
                0x1000563c       0x84 CMakeFiles/Semaforo.dir/C_/Program_Files/Raspberry_Pi/Pico_SDK_v1.5.1/pico-sdk/lib/tinyusb/src/device/usbd.c.obj
 .text.usbd_reset
                0x100056c0        0xc CMakeFiles/Semaforo.dir/C_/Program_Files/Raspberry_Pi/Pico_SDK_v1.5.1/pico-sdk/lib/tinyusb/src/device/usbd.c.obj
 .text.invoke_class_control
                0x100056cc       0x1a CMakeFiles/Semaforo.dir/C_/Program_Files/Raspberry_Pi/Pico_SDK_v1.5.1/pico-sdk/lib/tinyusb/src/device/usbd.c.obj
 *fill*         0x100056e6        0x2 
 .text.process_set_config
                0x100056e8      0x178 CMakeFiles/Semaforo.dir/C_/Program_Files/Raspberry_Pi/Pico_SDK_v1.5.1/pico-sdk/lib/tinyusb/src/device/usbd.c.obj
 .text.process_get_descriptor
                0x10005860       0xdc CMakeFiles/Semaforo.dir/C_/Program_Files/Raspberry_Pi/Pico_SDK_v1.5.1/pico-sdk/lib/tinyusb/src/device/usbd.c.obj
 .text.tud_mounted
                0x1000593c       0x10 CMakeFiles/Semaforo.dir/C_/Program_Files/Raspberry_Pi/Pico_SDK_v1.5.1/pico-sdk/lib/tinyusb/src/device/usbd.c.obj
                0x1000593c                tud_mounted
 .text.tud_suspended
                0x1000594c       0x10 CMakeFiles/Semaforo.dir/C_/Program_Files/Raspberry_Pi/Pico_SDK_v1.5.1/pico-sdk/lib/tinyusb/src/device/usbd.c.obj
                0x1000594c                tud_suspended
 .text.tud_inited
                0x1000595c       0x14 CMakeFiles/Semaforo.dir/C_/Program_Files/Raspberry_Pi/Pico_SDK_v1.5.1/pico-sdk/lib/tinyusb/src/device/usbd.c.obj
                0x1000595c                tud_inited
 .text.tud_init
                0x10005970       0xcc CMakeFiles/Semaforo.dir/C_/Program_Files/Raspberry_Pi/Pico_SDK_v1.5.1/pico-sdk/lib/tinyusb/src/device/usbd.c.obj
                0x10005970                tud_init
 .text.usbd_defer_func
                0x10005a3c       0x2a CMakeFiles/Semaforo.dir/C_/Program_Files/Raspberry_Pi/Pico_SDK_v1.5.1/pico-sdk/lib/tinyusb/src/device/usbd.c.obj
                0x10005a3c                usbd_defer_func
 *fill*         0x10005a66        0x2 
 .text.usbd_edpt_open
                0x10005a68       0x34 CMakeFiles/Semaforo.dir/C_/Program_Files/Raspberry_Pi/Pico_SDK_v1.5.1/pico-sdk/lib/tinyusb/src/device/usbd.c.obj
                0x10005a68                usbd_edpt_open
 .text.usbd_open_edpt_pair
                0x10005a9c       0x62 CMakeFiles/Semaforo.dir/C_/Program_Files/Raspberry_Pi/Pico_SDK_v1.5.1/pico-sdk/lib/tinyusb/src/device/usbd.c.obj
                0x10005a9c                usbd_open_edpt_pair
 *fill*         0x10005afe        0x2 
 .text.usbd_edpt_claim
                0x10005b00       0x28 CMakeFiles/Semaforo.dir/C_/Program_Files/Raspberry_Pi/Pico_SDK_v1.5.1/pico-sdk/lib/tinyusb/src/device/usbd.c.obj
                0x10005b00                usbd_edpt_claim
 .text.usbd_edpt_release
                0x10005b28       0x28 CMakeFiles/Semaforo.dir/C_/Program_Files/Raspberry_Pi/Pico_SDK_v1.5.1/pico-sdk/lib/tinyusb/src/device/usbd.c.obj
                0x10005b28                usbd_edpt_release
 .text.usbd_edpt_xfer
                0x10005b50       0x78 CMakeFiles/Semaforo.dir/C_/Program_Files/Raspberry_Pi/Pico_SDK_v1.5.1/pico-sdk/lib/tinyusb/src/device/usbd.c.obj
                0x10005b50                usbd_edpt_xfer
 .text.usbd_edpt_stall
                0x10005bc8       0x48 CMakeFiles/Semaforo.dir/C_/Program_Files/Raspberry_Pi/Pico_SDK_v1.5.1/pico-sdk/lib/tinyusb/src/device/usbd.c.obj
                0x10005bc8                usbd_edpt_stall
 .text.usbd_edpt_clear_stall
                0x10005c10       0x48 CMakeFiles/Semaforo.dir/C_/Program_Files/Raspberry_Pi/Pico_SDK_v1.5.1/pico-sdk/lib/tinyusb/src/device/usbd.c.obj
                0x10005c10                usbd_edpt_clear_stall
 .text.usbd_edpt_stalled
                0x10005c58       0x1c CMakeFiles/Semaforo.dir/C_/Program_Files/Raspberry_Pi/Pico_SDK_v1.5.1/pico-sdk/lib/tinyusb/src/device/usbd.c.obj
                0x10005c58                usbd_edpt_stalled
 .text.process_control_request
                0x10005c74      0x37c CMakeFiles/Semaforo.dir/C_/Program_Files/Raspberry_Pi/Pico_SDK_v1.5.1/pico-sdk/lib/tinyusb/src/device/usbd.c.obj
 .text.tud_task_ext
                0x10005ff0      0x1b8 CMakeFiles/Semaforo.dir/C_/Program_Files/Raspberry_Pi/Pico_SDK_v1.5.1/pico-sdk/lib/tinyusb/src/device/usbd.c.obj
                0x10005ff0                tud_task_ext
 .text._data_stage_xact
                0x100061a8       0x58 CMakeFiles/Semaforo.dir/C_/Program_Files/Raspberry_Pi/Pico_SDK_v1.5.1/pico-sdk/lib/tinyusb/src/device/usbd_control.c.obj
 .text.tud_control_status
                0x10006200       0x38 CMakeFiles/Semaforo.dir/C_/Program_Files/Raspberry_Pi/Pico_SDK_v1.5.1/pico-sdk/lib/tinyusb/src/device/usbd_control.c.obj
                0x10006200                tud_control_status
 .text.tud_control_xfer
                0x10006238       0x74 CMakeFiles/Semaforo.dir/C_/Program_Files/Raspberry_Pi/Pico_SDK_v1.5.1/pico-sdk/lib/tinyusb/src/device/usbd_control.c.obj
                0x10006238                tud_control_xfer
 .text.usbd_control_reset
                0x100062ac       0x14 CMakeFiles/Semaforo.dir/C_/Program_Files/Raspberry_Pi/Pico_SDK_v1.5.1/pico-sdk/lib/tinyusb/src/device/usbd_control.c.obj
                0x100062ac                usbd_control_reset
 .text.usbd_control_set_complete_callback
                0x100062c0        0xc CMakeFiles/Semaforo.dir/C_/Program_Files/Raspberry_Pi/Pico_SDK_v1.5.1/pico-sdk/lib/tinyusb/src/device/usbd_control.c.obj
                0x100062c0                usbd_control_set_complete_callback
 .text.usbd_control_set_request
                0x100062cc       0x1c CMakeFiles/Semaforo.dir/C_/Program_Files/Raspberry_Pi/Pico_SDK_v1.5.1/pico-sdk/lib/tinyusb/src/device/usbd_control.c.obj
                0x100062cc                usbd_control_set_request
 .text.usbd_control_xfer_cb
                0x100062e8       0xcc CMakeFiles/Semaforo.dir/C_/Program_Files/Raspberry_Pi/Pico_SDK_v1.5.1/pico-sdk/lib/tinyusb/src/device/usbd_control.c.obj
                0x100062e8                usbd_control_xfer_cb
 .text._prep_out_transaction
                0x100063b4       0x4a CMakeFiles/Semaforo.dir/C_/Program_Files/Raspberry_Pi/Pico_SDK_v1.5.1/pico-sdk/lib/tinyusb/src/class/cdc/cdc_device.c.obj
 *fill*         0x100063fe        0x2 
 .text.tud_cdc_n_connected
                0x10006400       0x44 CMakeFiles/Semaforo.dir/C_/Program_Files/Raspberry_Pi/Pico_SDK_v1.5.1/pico-sdk/lib/tinyusb/src/class/cdc/cdc_device.c.obj
                0x10006400                tud_cdc_n_connected
 .text.tud_cdc_n_available
                0x10006444       0x18 CMakeFiles/Semaforo.dir/C_/Program_Files/Raspberry_Pi/Pico_SDK_v1.5.1/pico-sdk/lib/tinyusb/src/class/cdc/cdc_device.c.obj
                0x10006444                tud_cdc_n_available
 .text.tud_cdc_n_read
                0x1000645c       0x28 CMakeFiles/Semaforo.dir/C_/Program_Files/Raspberry_Pi/Pico_SDK_v1.5.1/pico-sdk/lib/tinyusb/src/class/cdc/cdc_device.c.obj
                0x1000645c                tud_cdc_n_read
 .text.tud_cdc_n_write_flush
                0x10006484       0xb8 CMakeFiles/Semaforo.dir/C_/Program_Files/Raspberry_Pi/Pico_SDK_v1.5.1/pico-sdk/lib/tinyusb/src/class/cdc/cdc_device.c.obj
                0x10006484                tud_cdc_n_write_flush
 .text.tud_cdc_n_write
                0x1000653c       0x38 CMakeFiles/Semaforo.dir/C_/Program_Files/Raspberry_Pi/Pico_SDK_v1.5.1/pico-sdk/lib/tinyusb/src/class/cdc/cdc_device.c.obj
                0x1000653c                tud_cdc_n_write
 .text.tud_cdc_n_write_available
                0x10006574       0x1c CMakeFiles/Semaforo.dir/C_/Program_Files/Raspberry_Pi/Pico_SDK_v1.5.1/pico-sdk/lib/tinyusb/src/class/cdc/cdc_device.c.obj
                0x10006574                tud_cdc_n_write_available
 .text.cdcd_init
                0x10006590       0xbc CMakeFiles/Semaforo.dir/C_/Program_Files/Raspberry_Pi/Pico_SDK_v1.5.1/pico-sdk/lib/tinyusb/src/class/cdc/cdc_device.c.obj
                0x10006590                cdcd_init
 .text.cdcd_reset
                0x1000664c       0x44 CMakeFiles/Semaforo.dir/C_/Program_Files/Raspberry_Pi/Pico_SDK_v1.5.1/pico-sdk/lib/tinyusb/src/class/cdc/cdc_device.c.obj
                0x1000664c                cdcd_reset
 .text.cdcd_open
                0x10006690       0xcc CMakeFiles/Semaforo.dir/C_/Program_Files/Raspberry_Pi/Pico_SDK_v1.5.1/pico-sdk/lib/tinyusb/src/class/cdc/cdc_device.c.obj
                0x10006690                cdcd_open
 .text.cdcd_control_xfer_cb
                0x1000675c      0x134 CMakeFiles/Semaforo.dir/C_/Program_Files/Raspberry_Pi/Pico_SDK_v1.5.1/pico-sdk/lib/tinyusb/src/class/cdc/cdc_device.c.obj
                0x1000675c                cdcd_control_xfer_cb
 .text.cdcd_xfer_cb
                0x10006890      0x130 CMakeFiles/Semaforo.dir/C_/Program_Files/Raspberry_Pi/Pico_SDK_v1.5.1/pico-sdk/lib/tinyusb/src/class/cdc/cdc_device.c.obj
                0x10006890                cdcd_xfer_cb
 .text.tusb_init
                0x100069c0        0xa CMakeFiles/Semaforo.dir/C_/Program_Files/Raspberry_Pi/Pico_SDK_v1.5.1/pico-sdk/lib/tinyusb/src/tusb.c.obj
                0x100069c0                tusb_init
 .text.tusb_inited
                0x100069ca        0xe CMakeFiles/Semaforo.dir/C_/Program_Files/Raspberry_Pi/Pico_SDK_v1.5.1/pico-sdk/lib/tinyusb/src/tusb.c.obj
                0x100069ca                tusb_inited
 .text.tu_edpt_claim
                0x100069d8       0x50 CMakeFiles/Semaforo.dir/C_/Program_Files/Raspberry_Pi/Pico_SDK_v1.5.1/pico-sdk/lib/tinyusb/src/tusb.c.obj
                0x100069d8                tu_edpt_claim
 .text.tu_edpt_release
                0x10006a28       0x3c CMakeFiles/Semaforo.dir/C_/Program_Files/Raspberry_Pi/Pico_SDK_v1.5.1/pico-sdk/lib/tinyusb/src/tusb.c.obj
                0x10006a28                tu_edpt_release
 .text.tu_edpt_validate
                0x10006a64       0x78 CMakeFiles/Semaforo.dir/C_/Program_Files/Raspberry_Pi/Pico_SDK_v1.5.1/pico-sdk/lib/tinyusb/src/tusb.c.obj
                0x10006a64                tu_edpt_validate
 .text.tu_edpt_bind_driver
                0x10006adc       0x26 CMakeFiles/Semaforo.dir/C_/Program_Files/Raspberry_Pi/Pico_SDK_v1.5.1/pico-sdk/lib/tinyusb/src/tusb.c.obj
                0x10006adc                tu_edpt_bind_driver
 .text.advance_index
                0x10006b02       0x1a CMakeFiles/Semaforo.dir/C_/Program_Files/Raspberry_Pi/Pico_SDK_v1.5.1/pico-sdk/lib/tinyusb/src/common/tusb_fifo.c.obj
 .text._tu_fifo_peek
                0x10006b1c       0x56 CMakeFiles/Semaforo.dir/C_/Program_Files/Raspberry_Pi/Pico_SDK_v1.5.1/pico-sdk/lib/tinyusb/src/common/tusb_fifo.c.obj
 .text._ff_pull_const_addr
                0x10006b72       0x4c CMakeFiles/Semaforo.dir/C_/Program_Files/Raspberry_Pi/Pico_SDK_v1.5.1/pico-sdk/lib/tinyusb/src/common/tusb_fifo.c.obj
 .text._ff_pull_n
                0x10006bbe      0x110 CMakeFiles/Semaforo.dir/C_/Program_Files/Raspberry_Pi/Pico_SDK_v1.5.1/pico-sdk/lib/tinyusb/src/common/tusb_fifo.c.obj
 .text._tu_fifo_peek_n
                0x10006cce       0x6a CMakeFiles/Semaforo.dir/C_/Program_Files/Raspberry_Pi/Pico_SDK_v1.5.1/pico-sdk/lib/tinyusb/src/common/tusb_fifo.c.obj
 .text._tu_fifo_read_n
                0x10006d38       0x4e CMakeFiles/Semaforo.dir/C_/Program_Files/Raspberry_Pi/Pico_SDK_v1.5.1/pico-sdk/lib/tinyusb/src/common/tusb_fifo.c.obj
 .text._ff_push_const_addr
                0x10006d86       0x40 CMakeFiles/Semaforo.dir/C_/Program_Files/Raspberry_Pi/Pico_SDK_v1.5.1/pico-sdk/lib/tinyusb/src/common/tusb_fifo.c.obj
 .text._ff_push_n
                0x10006dc6      0x10c CMakeFiles/Semaforo.dir/C_/Program_Files/Raspberry_Pi/Pico_SDK_v1.5.1/pico-sdk/lib/tinyusb/src/common/tusb_fifo.c.obj
 .text._tu_fifo_write_n
                0x10006ed2       0xf0 CMakeFiles/Semaforo.dir/C_/Program_Files/Raspberry_Pi/Pico_SDK_v1.5.1/pico-sdk/lib/tinyusb/src/common/tusb_fifo.c.obj
 .text.tu_fifo_config
                0x10006fc2       0x7c CMakeFiles/Semaforo.dir/C_/Program_Files/Raspberry_Pi/Pico_SDK_v1.5.1/pico-sdk/lib/tinyusb/src/common/tusb_fifo.c.obj
                0x10006fc2                tu_fifo_config
 .text.tu_fifo_count
                0x1000703e       0x2a CMakeFiles/Semaforo.dir/C_/Program_Files/Raspberry_Pi/Pico_SDK_v1.5.1/pico-sdk/lib/tinyusb/src/common/tusb_fifo.c.obj
                0x1000703e                tu_fifo_count
 .text.tu_fifo_empty
                0x10007068       0x10 CMakeFiles/Semaforo.dir/C_/Program_Files/Raspberry_Pi/Pico_SDK_v1.5.1/pico-sdk/lib/tinyusb/src/common/tusb_fifo.c.obj
                0x10007068                tu_fifo_empty
 .text.tu_fifo_full
                0x10007078       0x28 CMakeFiles/Semaforo.dir/C_/Program_Files/Raspberry_Pi/Pico_SDK_v1.5.1/pico-sdk/lib/tinyusb/src/common/tusb_fifo.c.obj
                0x10007078                tu_fifo_full
 .text.tu_fifo_remaining
                0x100070a0       0x2c CMakeFiles/Semaforo.dir/C_/Program_Files/Raspberry_Pi/Pico_SDK_v1.5.1/pico-sdk/lib/tinyusb/src/common/tusb_fifo.c.obj
                0x100070a0                tu_fifo_remaining
 .text.tu_fifo_read
                0x100070cc       0x42 CMakeFiles/Semaforo.dir/C_/Program_Files/Raspberry_Pi/Pico_SDK_v1.5.1/pico-sdk/lib/tinyusb/src/common/tusb_fifo.c.obj
                0x100070cc                tu_fifo_read
 .text.tu_fifo_read_n
                0x1000710e        0xa CMakeFiles/Semaforo.dir/C_/Program_Files/Raspberry_Pi/Pico_SDK_v1.5.1/pico-sdk/lib/tinyusb/src/common/tusb_fifo.c.obj
                0x1000710e                tu_fifo_read_n
 .text.tu_fifo_write
                0x10007118       0x64 CMakeFiles/Semaforo.dir/C_/Program_Files/Raspberry_Pi/Pico_SDK_v1.5.1/pico-sdk/lib/tinyusb/src/common/tusb_fifo.c.obj
                0x10007118                tu_fifo_write
 .text.tu_fifo_write_n
                0x1000717c        0xa CMakeFiles/Semaforo.dir/C_/Program_Files/Raspberry_Pi/Pico_SDK_v1.5.1/pico-sdk/lib/tinyusb/src/common/tusb_fifo.c.obj
                0x1000717c                tu_fifo_write_n
 .text.tu_fifo_clear
                0x10007186       0x3e CMakeFiles/Semaforo.dir/C_/Program_Files/Raspberry_Pi/Pico_SDK_v1.5.1/pico-sdk/lib/tinyusb/src/common/tusb_fifo.c.obj
                0x10007186                tu_fifo_clear
 .text.tu_fifo_set_overwritable
                0x100071c4       0x46 CMakeFiles/Semaforo.dir/C_/Program_Files/Raspberry_Pi/Pico_SDK_v1.5.1/pico-sdk/lib/tinyusb/src/common/tusb_fifo.c.obj
                0x100071c4                tu_fifo_set_overwritable
 *fill*         0x1000720a        0x2 
 .text.strlen   0x1000720c       0x5c c:/progra~1/raspbe~1/picosd~1.1/gcc-ar~1/bin/../lib/gcc/arm-none-eabi/10.3.1/../../../../arm-none-eabi/lib/thumb/v6-m/nofp\libg.a(lib_a-strlen-stub.o)
                0x1000720c                strlen
 *(.fini)
 .fini          0x10007268        0x4 c:/progra~1/raspbe~1/picosd~1.1/gcc-ar~1/bin/../lib/gcc/arm-none-eabi/10.3.1/thumb/v6-m/nofp/crti.o
                0x10007268                _fini
 *fill*         0x1000726c        0x4 
 .fini.__stub   0x10007270       0xe0 linker stubs
 *crtbegin.o(.ctors)
 *crtbegin?.o(.ctors)
 *(EXCLUDE_FILE(*crtend.o *crtend?.o) .ctors)
 *(SORT_BY_NAME(.ctors.*))
 *(.ctors)
 *crtbegin.o(.dtors)
 *crtbegin?.o(.dtors)
 *(EXCLUDE_FILE(*crtend.o *crtend?.o) .dtors)
 *(SORT_BY_NAME(.dtors.*))
 *(.dtors)
 *(.eh_frame*)
 .eh_frame      0x10007350        0x0 c:/progra~1/raspbe~1/picosd~1.1/gcc-ar~1/bin/../lib/gcc/arm-none-eabi/10.3.1/thumb/v6-m/nofp/crtbegin.o
                0x10007350                . = ALIGN (0x4)

.glue_7         0x10007350        0x0
 .glue_7        0x10007350        0x0 linker stubs

.glue_7t        0x10007350        0x0
 .glue_7t       0x10007350        0x0 linker stubs

.vfp11_veneer   0x10007350        0x0
 .vfp11_veneer  0x10007350        0x0 linker stubs

.v4_bx          0x10007350        0x0
 .v4_bx         0x10007350        0x0 linker stubs

.iplt           0x10007350        0x0
 .iplt          0x10007350        0x0 c:/progra~1/raspbe~1/picosd~1.1/gcc-ar~1/bin/../lib/gcc/arm-none-eabi/10.3.1/thumb/v6-m/nofp/crtbegin.o

.rodata         0x10007350     0x1808
 *(EXCLUDE_FILE(*libm.a: *libc.a:*lib_a-mem*.o *libgcc.a:) .rodata*)
 .rodata.get_absolute_time.str1.4
                0x10007350       0x7d CMakeFiles/Semaforo.dir/Semaforo.c.obj
 *fill*         0x100073cd        0x3 
 .rodata.normal_operation
                0x100073d0       0x14 CMakeFiles/Semaforo.dir/Semaforo.c.obj
 .rodata        0x100073e4       0x60 CMakeFiles/Semaforo.dir/Semaforo.c.obj
 .rodata.__func__.0
                0x10007444       0x15 CMakeFiles/Semaforo.dir/Semaforo.c.obj
 *fill*         0x10007459        0x3 
 .rodata.segment_digits
                0x1000745c       0x46 CMakeFiles/Semaforo.dir/Semaforo.c.obj
                0x1000745c                segment_digits
 *fill*         0x100074a2        0x2 
 .rodata.spin_lock_claim_unused.str1.4
                0x100074a4       0x1b CMakeFiles/Semaforo.dir/C_/Program_Files/Raspberry_Pi/Pico_SDK_v1.5.1/pico-sdk/src/rp2_common/hardware_sync/sync.c.obj
 *fill*         0x100074bf        0x1 
 .rodata.make_branch.str1.4
                0x100074c0       0x89 CMakeFiles/Semaforo.dir/C_/Program_Files/Raspberry_Pi/Pico_SDK_v1.5.1/pico-sdk/src/rp2_common/hardware_irq/irq.c.obj
 *fill*         0x10007549        0x3 
 .rodata.insert_branch_and_link.str1.4
                0x1000754c       0x10 CMakeFiles/Semaforo.dir/C_/Program_Files/Raspberry_Pi/Pico_SDK_v1.5.1/pico-sdk/src/rp2_common/hardware_irq/irq.c.obj
 .rodata.irq_set_exclusive_handler.str1.4
                0x1000755c       0x36 CMakeFiles/Semaforo.dir/C_/Program_Files/Raspberry_Pi/Pico_SDK_v1.5.1/pico-sdk/src/rp2_common/hardware_irq/irq.c.obj
 *fill*         0x10007592        0x2 
 .rodata.irq_add_shared_handler.str1.4
                0x10007594       0xd9 CMakeFiles/Semaforo.dir/C_/Program_Files/Raspberry_Pi/Pico_SDK_v1.5.1/pico-sdk/src/rp2_common/hardware_irq/irq.c.obj
 *fill*         0x1000766d        0x3 
 .rodata.irq_remove_handler.str1.4
                0x10007670       0x3a CMakeFiles/Semaforo.dir/C_/Program_Files/Raspberry_Pi/Pico_SDK_v1.5.1/pico-sdk/src/rp2_common/hardware_irq/irq.c.obj
 *fill*         0x100076aa        0x2 
 .rodata.irq_add_tail_to_free_list.str1.4
                0x100076ac       0x3a CMakeFiles/Semaforo.dir/C_/Program_Files/Raspberry_Pi/Pico_SDK_v1.5.1/pico-sdk/src/rp2_common/hardware_irq/irq.c.obj
 *fill*         0x100076e6        0x2 
 .rodata.user_irq_claim_unused.str1.4
                0x100076e8       0x1b CMakeFiles/Semaforo.dir/C_/Program_Files/Raspberry_Pi/Pico_SDK_v1.5.1/pico-sdk/src/rp2_common/hardware_irq/irq.c.obj
 *fill*         0x10007703        0x1 
 .rodata.__func__.0
                0x10007704       0x1a CMakeFiles/Semaforo.dir/C_/Program_Files/Raspberry_Pi/Pico_SDK_v1.5.1/pico-sdk/src/rp2_common/hardware_irq/irq.c.obj
 *fill*         0x1000771e        0x2 
 .rodata.__func__.1
                0x10007720       0x17 CMakeFiles/Semaforo.dir/C_/Program_Files/Raspberry_Pi/Pico_SDK_v1.5.1/pico-sdk/src/rp2_common/hardware_irq/irq.c.obj
 *fill*         0x10007737        0x1 
 .rodata.__func__.2
                0x10007738       0x13 CMakeFiles/Semaforo.dir/C_/Program_Files/Raspberry_Pi/Pico_SDK_v1.5.1/pico-sdk/src/rp2_common/hardware_irq/irq.c.obj
 *fill*         0x1000774b        0x1 
 .rodata.__func__.3
                0x1000774c        0xc CMakeFiles/Semaforo.dir/C_/Program_Files/Raspberry_Pi/Pico_SDK_v1.5.1/pico-sdk/src/rp2_common/hardware_irq/irq.c.obj
 .rodata.__func__.4
                0x10007758        0xf CMakeFiles/Semaforo.dir/C_/Program_Files/Raspberry_Pi/Pico_SDK_v1.5.1/pico-sdk/src/rp2_common/hardware_irq/irq.c.obj
 *fill*         0x10007767        0x1 
 .rodata.__func__.5
                0x10007768       0x17 CMakeFiles/Semaforo.dir/C_/Program_Files/Raspberry_Pi/Pico_SDK_v1.5.1/pico-sdk/src/rp2_common/hardware_irq/irq.c.obj
 *fill*         0x1000777f        0x1 
 .rodata.__func__.6
                0x10007780       0x1a CMakeFiles/Semaforo.dir/C_/Program_Files/Raspberry_Pi/Pico_SDK_v1.5.1/pico-sdk/src/rp2_common/hardware_irq/irq.c.obj
 *fill*         0x1000779a        0x2 
 .rodata.str1.4
                0x1000779c       0xa5 CMakeFiles/Semaforo.dir/C_/Program_Files/Raspberry_Pi/Pico_SDK_v1.5.1/pico-sdk/src/common/pico_sync/mutex.c.obj
                                0x125 (size before relaxing)
 *fill*         0x10007841        0x3 
 .rodata.__func__.1
                0x10007844        0xb CMakeFiles/Semaforo.dir/C_/Program_Files/Raspberry_Pi/Pico_SDK_v1.5.1/pico-sdk/src/common/pico_sync/mutex.c.obj
 *fill*         0x1000784f        0x1 
 .rodata.__func__.3
                0x10007850       0x18 CMakeFiles/Semaforo.dir/C_/Program_Files/Raspberry_Pi/Pico_SDK_v1.5.1/pico-sdk/src/common/pico_sync/mutex.c.obj
 .rodata.__func__.4
                0x10007868       0x15 CMakeFiles/Semaforo.dir/C_/Program_Files/Raspberry_Pi/Pico_SDK_v1.5.1/pico-sdk/src/common/pico_sync/mutex.c.obj
 *fill*         0x1000787d        0x3 
 .rodata.repeating_timer_callback.str1.4
                0x10007880       0x67 CMakeFiles/Semaforo.dir/C_/Program_Files/Raspberry_Pi/Pico_SDK_v1.5.1/pico-sdk/src/common/pico_time/time.c.obj
 *fill*         0x100078e7        0x1 
 .rodata.timer_pool_entry_comparator.str1.4
                0x100078e8       0x22 CMakeFiles/Semaforo.dir/C_/Program_Files/Raspberry_Pi/Pico_SDK_v1.5.1/pico-sdk/src/common/pico_time/time.c.obj
 *fill*         0x1000790a        0x2 
 .rodata.ph_add_child_node.str1.4
                0x1000790c       0xb2 CMakeFiles/Semaforo.dir/C_/Program_Files/Raspberry_Pi/Pico_SDK_v1.5.1/pico-sdk/src/common/pico_time/time.c.obj
 *fill*         0x100079be        0x2 
 .rodata.add_alarm_under_lock.str1.4
                0x100079c0       0x28 CMakeFiles/Semaforo.dir/C_/Program_Files/Raspberry_Pi/Pico_SDK_v1.5.1/pico-sdk/src/common/pico_time/time.c.obj
                                 0x2b (size before relaxing)
 .rodata.alarm_pool_alarm_callback.str1.4
                0x100079e8       0x98 CMakeFiles/Semaforo.dir/C_/Program_Files/Raspberry_Pi/Pico_SDK_v1.5.1/pico-sdk/src/common/pico_time/time.c.obj
                                0x118 (size before relaxing)
 .rodata.alarm_pool_get_default.str1.4
                0x10007a80       0x21 CMakeFiles/Semaforo.dir/C_/Program_Files/Raspberry_Pi/Pico_SDK_v1.5.1/pico-sdk/src/common/pico_time/time.c.obj
 *fill*         0x10007aa1        0x3 
 .rodata.alarm_pool_cancel_alarm.str1.4
                0x10007aa4       0x27 CMakeFiles/Semaforo.dir/C_/Program_Files/Raspberry_Pi/Pico_SDK_v1.5.1/pico-sdk/src/common/pico_time/time.c.obj
 *fill*         0x10007acb        0x1 
 .rodata.sleep_until.str1.4
                0x10007acc       0x4d CMakeFiles/Semaforo.dir/C_/Program_Files/Raspberry_Pi/Pico_SDK_v1.5.1/pico-sdk/src/common/pico_time/time.c.obj
 *fill*         0x10007b19        0x3 
 .rodata.__func__.1
                0x10007b1c       0x18 CMakeFiles/Semaforo.dir/C_/Program_Files/Raspberry_Pi/Pico_SDK_v1.5.1/pico-sdk/src/common/pico_time/time.c.obj
 .rodata.__func__.10
                0x10007b34       0x15 CMakeFiles/Semaforo.dir/C_/Program_Files/Raspberry_Pi/Pico_SDK_v1.5.1/pico-sdk/src/common/pico_time/time.c.obj
 *fill*         0x10007b49        0x3 
 .rodata.__func__.11
                0x10007b4c       0x1a CMakeFiles/Semaforo.dir/C_/Program_Files/Raspberry_Pi/Pico_SDK_v1.5.1/pico-sdk/src/common/pico_time/time.c.obj
 *fill*         0x10007b66        0x2 
 .rodata.__func__.12
                0x10007b68        0xa CMakeFiles/Semaforo.dir/C_/Program_Files/Raspberry_Pi/Pico_SDK_v1.5.1/pico-sdk/src/common/pico_time/time.c.obj
 *fill*         0x10007b72        0x2 
 .rodata.__func__.3
                0x10007b74       0x17 CMakeFiles/Semaforo.dir/C_/Program_Files/Raspberry_Pi/Pico_SDK_v1.5.1/pico-sdk/src/common/pico_time/time.c.obj
 *fill*         0x10007b8b        0x1 
 .rodata.__func__.4
                0x10007b8c       0x12 CMakeFiles/Semaforo.dir/C_/Program_Files/Raspberry_Pi/Pico_SDK_v1.5.1/pico-sdk/src/common/pico_time/time.c.obj
 *fill*         0x10007b9e        0x2 
 .rodata.__func__.5
                0x10007ba0        0xd CMakeFiles/Semaforo.dir/C_/Program_Files/Raspberry_Pi/Pico_SDK_v1.5.1/pico-sdk/src/common/pico_time/time.c.obj
 *fill*         0x10007bad        0x3 
 .rodata.__func__.6
                0x10007bb0       0x12 CMakeFiles/Semaforo.dir/C_/Program_Files/Raspberry_Pi/Pico_SDK_v1.5.1/pico-sdk/src/common/pico_time/time.c.obj
 *fill*         0x10007bc2        0x2 
 .rodata.__func__.7
                0x10007bc4        0xf CMakeFiles/Semaforo.dir/C_/Program_Files/Raspberry_Pi/Pico_SDK_v1.5.1/pico-sdk/src/common/pico_time/time.c.obj
 *fill*         0x10007bd3        0x1 
 .rodata.__func__.8
                0x10007bd4        0xc CMakeFiles/Semaforo.dir/C_/Program_Files/Raspberry_Pi/Pico_SDK_v1.5.1/pico-sdk/src/common/pico_time/time.c.obj
 .rodata.__func__.9
                0x10007be0       0x15 CMakeFiles/Semaforo.dir/C_/Program_Files/Raspberry_Pi/Pico_SDK_v1.5.1/pico-sdk/src/common/pico_time/time.c.obj
 *fill*         0x10007bf5        0x3 
 .rodata.hardware_alarm_claim.str1.4
                0x10007bf8       0x22 CMakeFiles/Semaforo.dir/C_/Program_Files/Raspberry_Pi/Pico_SDK_v1.5.1/pico-sdk/src/rp2_common/hardware_timer/timer.c.obj
 *fill*         0x10007c1a        0x2 
 .rodata.hardware_alarm_set_target.str1.4
                0x10007c1c       0x81 CMakeFiles/Semaforo.dir/C_/Program_Files/Raspberry_Pi/Pico_SDK_v1.5.1/pico-sdk/src/rp2_common/hardware_timer/timer.c.obj
 *fill*         0x10007c9d        0x3 
 .rodata.__func__.0
                0x10007ca0       0x1a CMakeFiles/Semaforo.dir/C_/Program_Files/Raspberry_Pi/Pico_SDK_v1.5.1/pico-sdk/src/rp2_common/hardware_timer/timer.c.obj
 .rodata.ph_add_child_node.str1.4
                0x10007cba       0xb2 CMakeFiles/Semaforo.dir/C_/Program_Files/Raspberry_Pi/Pico_SDK_v1.5.1/pico-sdk/src/common/pico_util/pheap.c.obj
 *fill*         0x10007cba        0x2 
 .rodata.ph_remove_any_head.str1.4
                0x10007cbc       0xa8 CMakeFiles/Semaforo.dir/C_/Program_Files/Raspberry_Pi/Pico_SDK_v1.5.1/pico-sdk/src/common/pico_util/pheap.c.obj
                                 0xbc (size before relaxing)
 .rodata.ph_remove_and_free_node.str1.4
                0x10007d64       0x1e CMakeFiles/Semaforo.dir/C_/Program_Files/Raspberry_Pi/Pico_SDK_v1.5.1/pico-sdk/src/common/pico_util/pheap.c.obj
                                 0x26 (size before relaxing)
 *fill*         0x10007d82        0x2 
 .rodata.__func__.0
                0x10007d84       0x18 CMakeFiles/Semaforo.dir/C_/Program_Files/Raspberry_Pi/Pico_SDK_v1.5.1/pico-sdk/src/common/pico_util/pheap.c.obj
 .rodata.__func__.1
                0x10007d9c       0x13 CMakeFiles/Semaforo.dir/C_/Program_Files/Raspberry_Pi/Pico_SDK_v1.5.1/pico-sdk/src/common/pico_util/pheap.c.obj
 *fill*         0x10007daf        0x1 
 .rodata.__func__.2
                0x10007db0       0x12 CMakeFiles/Semaforo.dir/C_/Program_Files/Raspberry_Pi/Pico_SDK_v1.5.1/pico-sdk/src/common/pico_util/pheap.c.obj
 *fill*         0x10007dc2        0x2 
 .rodata.__func__.3
                0x10007dc4        0xc CMakeFiles/Semaforo.dir/C_/Program_Files/Raspberry_Pi/Pico_SDK_v1.5.1/pico-sdk/src/common/pico_util/pheap.c.obj
 .rodata.clock_configure.str1.4
                0x10007dd0       0x73 CMakeFiles/Semaforo.dir/C_/Program_Files/Raspberry_Pi/Pico_SDK_v1.5.1/pico-sdk/src/rp2_common/hardware_clocks/clocks.c.obj
 *fill*         0x10007e43        0x1 
 .rodata.__func__.1
                0x10007e44       0x10 CMakeFiles/Semaforo.dir/C_/Program_Files/Raspberry_Pi/Pico_SDK_v1.5.1/pico-sdk/src/rp2_common/hardware_clocks/clocks.c.obj
 .rodata.pll_init.str1.4
                0x10007e54      0x140 CMakeFiles/Semaforo.dir/C_/Program_Files/Raspberry_Pi/Pico_SDK_v1.5.1/pico-sdk/src/rp2_common/hardware_pll/pll.c.obj
 .rodata.__func__.0
                0x10007f94        0x9 CMakeFiles/Semaforo.dir/C_/Program_Files/Raspberry_Pi/Pico_SDK_v1.5.1/pico-sdk/src/rp2_common/hardware_pll/pll.c.obj
 *fill*         0x10007f9d        0x3 
 .rodata.__assert_func.str1.4
                0x10007fa0       0x3f CMakeFiles/Semaforo.dir/C_/Program_Files/Raspberry_Pi/Pico_SDK_v1.5.1/pico-sdk/src/rp2_common/pico_runtime/runtime.c.obj
                                 0x43 (size before relaxing)
 *fill*         0x10007fdf        0x1 
 .rodata.runtime_init.str1.4
                0x10007fe0       0x7d CMakeFiles/Semaforo.dir/C_/Program_Files/Raspberry_Pi/Pico_SDK_v1.5.1/pico-sdk/src/rp2_common/pico_runtime/runtime.c.obj
 *fill*         0x1000805d        0x3 
 .rodata.panic.str1.4
                0x10008060       0x12 CMakeFiles/Semaforo.dir/C_/Program_Files/Raspberry_Pi/Pico_SDK_v1.5.1/pico-sdk/src/rp2_common/pico_runtime/runtime.c.obj
 *fill*         0x10008072        0x2 
 .rodata.__func__.2
                0x10008074        0xd CMakeFiles/Semaforo.dir/C_/Program_Files/Raspberry_Pi/Pico_SDK_v1.5.1/pico-sdk/src/rp2_common/pico_runtime/runtime.c.obj
 *fill*         0x10008081        0x3 
 .rodata._ftoa.str1.4
                0x10008084       0x15 CMakeFiles/Semaforo.dir/C_/Program_Files/Raspberry_Pi/Pico_SDK_v1.5.1/pico-sdk/src/rp2_common/pico_printf/printf.c.obj
 *fill*         0x10008099        0x3 
 .rodata._vsnprintf
                0x1000809c      0x1e0 CMakeFiles/Semaforo.dir/C_/Program_Files/Raspberry_Pi/Pico_SDK_v1.5.1/pico-sdk/src/rp2_common/pico_printf/printf.c.obj
 *fill*         0x1000827c        0x4 
 .rodata.pow10.0
                0x10008280       0x50 CMakeFiles/Semaforo.dir/C_/Program_Files/Raspberry_Pi/Pico_SDK_v1.5.1/pico-sdk/src/rp2_common/pico_printf/printf.c.obj
 .rodata.__aeabi_double_init.str1.4
                0x100082d0       0xb8 CMakeFiles/Semaforo.dir/C_/Program_Files/Raspberry_Pi/Pico_SDK_v1.5.1/pico-sdk/src/rp2_common/pico_double/double_init_rom.c.obj
 .rodata.__func__.0
                0x10008388       0x14 CMakeFiles/Semaforo.dir/C_/Program_Files/Raspberry_Pi/Pico_SDK_v1.5.1/pico-sdk/src/rp2_common/pico_double/double_init_rom.c.obj
 .rodata.__aeabi_float_init.str1.4
                0x1000839c       0x96 CMakeFiles/Semaforo.dir/C_/Program_Files/Raspberry_Pi/Pico_SDK_v1.5.1/pico-sdk/src/rp2_common/pico_float/float_init_rom.c.obj
                                 0x9a (size before relaxing)
 *fill*         0x10008432        0x2 
 .rodata.__func__.0
                0x10008434       0x13 CMakeFiles/Semaforo.dir/C_/Program_Files/Raspberry_Pi/Pico_SDK_v1.5.1/pico-sdk/src/rp2_common/pico_float/float_init_rom.c.obj
 *fill*         0x10008447        0x1 
 .rodata.str1.4
                0x10008448       0x40 CMakeFiles/Semaforo.dir/C_/Program_Files/Raspberry_Pi/Pico_SDK_v1.5.1/pico-sdk/src/rp2_common/pico_standard_link/binary_info.c.obj
 .rodata.__bi_44
                0x10008488        0xc CMakeFiles/Semaforo.dir/C_/Program_Files/Raspberry_Pi/Pico_SDK_v1.5.1/pico-sdk/src/rp2_common/pico_standard_link/binary_info.c.obj
 .rodata.__bi_75
                0x10008494        0xc CMakeFiles/Semaforo.dir/C_/Program_Files/Raspberry_Pi/Pico_SDK_v1.5.1/pico-sdk/src/rp2_common/pico_standard_link/binary_info.c.obj
 .rodata.__bi_81
                0x100084a0        0xc CMakeFiles/Semaforo.dir/C_/Program_Files/Raspberry_Pi/Pico_SDK_v1.5.1/pico-sdk/src/rp2_common/pico_standard_link/binary_info.c.obj
 .rodata.stdout_serialize_begin.str1.4
                0x100084ac       0x7d CMakeFiles/Semaforo.dir/C_/Program_Files/Raspberry_Pi/Pico_SDK_v1.5.1/pico-sdk/src/rp2_common/pico_stdio/stdio.c.obj
 .rodata.__func__.3
                0x100084ac       0x15 CMakeFiles/Semaforo.dir/C_/Program_Files/Raspberry_Pi/Pico_SDK_v1.5.1/pico-sdk/src/rp2_common/pico_stdio/stdio.c.obj
 *fill*         0x100084c1        0x3 
 .rodata.crlf_str.2
                0x100084c4        0x2 CMakeFiles/Semaforo.dir/C_/Program_Files/Raspberry_Pi/Pico_SDK_v1.5.1/pico-sdk/src/rp2_common/pico_stdio/stdio.c.obj
 *fill*         0x100084c6        0x2 
 .rodata._resetd_driver
                0x100084c8       0x18 CMakeFiles/Semaforo.dir/C_/Program_Files/Raspberry_Pi/Pico_SDK_v1.5.1/pico-sdk/src/rp2_common/pico_stdio_usb/reset_interface.c.obj
 .rodata.low_priority_worker_irq.str1.4
                0x100084e0       0x7d CMakeFiles/Semaforo.dir/C_/Program_Files/Raspberry_Pi/Pico_SDK_v1.5.1/pico-sdk/src/rp2_common/pico_stdio_usb/stdio_usb.c.obj
 .rodata.stdio_usb_init.str1.4
                0x100084e0       0x61 CMakeFiles/Semaforo.dir/C_/Program_Files/Raspberry_Pi/Pico_SDK_v1.5.1/pico-sdk/src/rp2_common/pico_stdio_usb/stdio_usb.c.obj
                                 0x69 (size before relaxing)
 *fill*         0x10008541        0x3 
 .rodata.str1.4
                0x10008544       0x13 CMakeFiles/Semaforo.dir/C_/Program_Files/Raspberry_Pi/Pico_SDK_v1.5.1/pico-sdk/src/rp2_common/pico_stdio_usb/stdio_usb.c.obj
 *fill*         0x10008557        0x1 
 .rodata.__bi_182.0
                0x10008558        0xc CMakeFiles/Semaforo.dir/C_/Program_Files/Raspberry_Pi/Pico_SDK_v1.5.1/pico-sdk/src/rp2_common/pico_stdio_usb/stdio_usb.c.obj
 .rodata.__func__.1
                0x10008564        0xf CMakeFiles/Semaforo.dir/C_/Program_Files/Raspberry_Pi/Pico_SDK_v1.5.1/pico-sdk/src/rp2_common/pico_stdio_usb/stdio_usb.c.obj
 *fill*         0x10008573        0x1 
 .rodata.__func__.3
                0x10008574       0x15 CMakeFiles/Semaforo.dir/C_/Program_Files/Raspberry_Pi/Pico_SDK_v1.5.1/pico-sdk/src/rp2_common/pico_stdio_usb/stdio_usb.c.obj
 *fill*         0x10008589        0x3 
 .rodata.str1.4
                0x1000858c       0x2a CMakeFiles/Semaforo.dir/C_/Program_Files/Raspberry_Pi/Pico_SDK_v1.5.1/pico-sdk/src/rp2_common/pico_stdio_usb/stdio_usb_descriptors.c.obj
 *fill*         0x100085b6        0x2 
 .rodata.usbd_desc_cfg
                0x100085b8       0x54 CMakeFiles/Semaforo.dir/C_/Program_Files/Raspberry_Pi/Pico_SDK_v1.5.1/pico-sdk/src/rp2_common/pico_stdio_usb/stdio_usb_descriptors.c.obj
 .rodata.usbd_desc_device
                0x1000860c       0x12 CMakeFiles/Semaforo.dir/C_/Program_Files/Raspberry_Pi/Pico_SDK_v1.5.1/pico-sdk/src/rp2_common/pico_stdio_usb/stdio_usb_descriptors.c.obj
 *fill*         0x1000861e        0x2 
 .rodata.usbd_desc_str
                0x10008620       0x18 CMakeFiles/Semaforo.dir/C_/Program_Files/Raspberry_Pi/Pico_SDK_v1.5.1/pico-sdk/src/rp2_common/pico_stdio_usb/stdio_usb_descriptors.c.obj
 .rodata.pico_get_unique_board_id_string.str1.4
                0x10008638       0x69 CMakeFiles/Semaforo.dir/C_/Program_Files/Raspberry_Pi/Pico_SDK_v1.5.1/pico-sdk/src/rp2_common/pico_unique_id/unique_id.c.obj
 *fill*         0x100086a1        0x3 
 .rodata.__func__.0
                0x100086a4       0x20 CMakeFiles/Semaforo.dir/C_/Program_Files/Raspberry_Pi/Pico_SDK_v1.5.1/pico-sdk/src/rp2_common/pico_unique_id/unique_id.c.obj
 .rodata.str1.4
                0x100086c4      0x176 CMakeFiles/Semaforo.dir/C_/Program_Files/Raspberry_Pi/Pico_SDK_v1.5.1/pico-sdk/src/rp2_common/hardware_flash/flash.c.obj
 *fill*         0x1000883a        0x2 
 .rodata.__func__.0
                0x1000883c        0xd CMakeFiles/Semaforo.dir/C_/Program_Files/Raspberry_Pi/Pico_SDK_v1.5.1/pico-sdk/src/rp2_common/hardware_flash/flash.c.obj
 *fill*         0x10008849        0x3 
 .rodata._hw_endpoint_alloc.str1.4
                0x1000884c       0xd1 CMakeFiles/Semaforo.dir/C_/Program_Files/Raspberry_Pi/Pico_SDK_v1.5.1/pico-sdk/lib/tinyusb/src/portable/raspberrypi/rp2040/dcd_rp2040.c.obj
 *fill*         0x1000891d        0x3 
 .rodata.str1.4
                0x10008920       0x14 CMakeFiles/Semaforo.dir/C_/Program_Files/Raspberry_Pi/Pico_SDK_v1.5.1/pico-sdk/lib/tinyusb/src/portable/raspberrypi/rp2040/dcd_rp2040.c.obj
 .rodata.dcd_int_enable.str1.4
                0x10008934        0xc CMakeFiles/Semaforo.dir/C_/Program_Files/Raspberry_Pi/Pico_SDK_v1.5.1/pico-sdk/lib/tinyusb/src/portable/raspberrypi/rp2040/dcd_rp2040.c.obj
 .rodata.__func__.0
                0x10008940        0xe CMakeFiles/Semaforo.dir/C_/Program_Files/Raspberry_Pi/Pico_SDK_v1.5.1/pico-sdk/lib/tinyusb/src/portable/raspberrypi/rp2040/dcd_rp2040.c.obj
 *fill*         0x1000894e        0x2 
 .rodata.__func__.1
                0x10008950        0xe CMakeFiles/Semaforo.dir/C_/Program_Files/Raspberry_Pi/Pico_SDK_v1.5.1/pico-sdk/lib/tinyusb/src/portable/raspberrypi/rp2040/dcd_rp2040.c.obj
 *fill*         0x1000895e        0x2 
 .rodata.__func__.3
                0x10008960       0x10 CMakeFiles/Semaforo.dir/C_/Program_Files/Raspberry_Pi/Pico_SDK_v1.5.1/pico-sdk/lib/tinyusb/src/portable/raspberrypi/rp2040/dcd_rp2040.c.obj
 .rodata.__func__.5
                0x10008970        0xf CMakeFiles/Semaforo.dir/C_/Program_Files/Raspberry_Pi/Pico_SDK_v1.5.1/pico-sdk/lib/tinyusb/src/portable/raspberrypi/rp2040/dcd_rp2040.c.obj
 *fill*         0x1000897f        0x1 
 .rodata.__func__.6
                0x10008980       0x13 CMakeFiles/Semaforo.dir/C_/Program_Files/Raspberry_Pi/Pico_SDK_v1.5.1/pico-sdk/lib/tinyusb/src/portable/raspberrypi/rp2040/dcd_rp2040.c.obj
 *fill*         0x10008993        0x1 
 .rodata.__func__.7
                0x10008994        0x9 CMakeFiles/Semaforo.dir/C_/Program_Files/Raspberry_Pi/Pico_SDK_v1.5.1/pico-sdk/lib/tinyusb/src/portable/raspberrypi/rp2040/dcd_rp2040.c.obj
 *fill*         0x1000899d        0x3 
 .rodata.str1.4
                0x100089a0      0x103 CMakeFiles/Semaforo.dir/C_/Program_Files/Raspberry_Pi/Pico_SDK_v1.5.1/pico-sdk/lib/tinyusb/src/portable/raspberrypi/rp2040/rp2040_usb.c.obj
 *fill*         0x10008aa3        0x1 
 .rodata.__func__.0
                0x10008aa4        0xf CMakeFiles/Semaforo.dir/C_/Program_Files/Raspberry_Pi/Pico_SDK_v1.5.1/pico-sdk/lib/tinyusb/src/portable/raspberrypi/rp2040/rp2040_usb.c.obj
 *fill*         0x10008ab3        0x1 
 .rodata.process_get_descriptor
                0x10008ab4       0x40 CMakeFiles/Semaforo.dir/C_/Program_Files/Raspberry_Pi/Pico_SDK_v1.5.1/pico-sdk/lib/tinyusb/src/device/usbd.c.obj
 .rodata.process_control_request
                0x10008af4       0x28 CMakeFiles/Semaforo.dir/C_/Program_Files/Raspberry_Pi/Pico_SDK_v1.5.1/pico-sdk/lib/tinyusb/src/device/usbd.c.obj
 .rodata.tud_task_ext
                0x10008b1c       0x24 CMakeFiles/Semaforo.dir/C_/Program_Files/Raspberry_Pi/Pico_SDK_v1.5.1/pico-sdk/lib/tinyusb/src/device/usbd.c.obj
 .rodata._usbd_driver
                0x10008b40       0x18 CMakeFiles/Semaforo.dir/C_/Program_Files/Raspberry_Pi/Pico_SDK_v1.5.1/pico-sdk/lib/tinyusb/src/device/usbd.c.obj
                0x10008b58                . = ALIGN (0x4)
 *(SORT_BY_ALIGNMENT(SORT_BY_NAME(.flashdata*)))
                0x10008b58                . = ALIGN (0x4)

.ARM.extab
 *(.ARM.extab* .gnu.linkonce.armextab.*)
                0x10008b58                __exidx_start = .

.ARM.exidx
 *(.ARM.exidx* .gnu.linkonce.armexidx.*)
                0x10008b58                __exidx_end = .
                0x10008b58                . = ALIGN (0x4)
                0x10008b58                __binary_info_start = .

.binary_info    0x10008b58       0x20
 *(.binary_info.keep.*)
 .binary_info.keep.__bi_ptr22
                0x10008b58        0x4 CMakeFiles/Semaforo.dir/C_/Program_Files/Raspberry_Pi/Pico_SDK_v1.5.1/pico-sdk/src/rp2_common/pico_standard_link/binary_info.c.obj
 .binary_info.keep.__bi_ptr30
                0x10008b5c        0x4 CMakeFiles/Semaforo.dir/C_/Program_Files/Raspberry_Pi/Pico_SDK_v1.5.1/pico-sdk/src/rp2_common/pico_standard_link/binary_info.c.obj
 .binary_info.keep.__bi_ptr38
                0x10008b60        0x4 CMakeFiles/Semaforo.dir/C_/Program_Files/Raspberry_Pi/Pico_SDK_v1.5.1/pico-sdk/src/rp2_common/pico_standard_link/binary_info.c.obj
 .binary_info.keep.__bi_ptr44
                0x10008b64        0x4 CMakeFiles/Semaforo.dir/C_/Program_Files/Raspberry_Pi/Pico_SDK_v1.5.1/pico-sdk/src/rp2_common/pico_standard_link/binary_info.c.obj
 .binary_info.keep.__bi_ptr50
                0x10008b68        0x4 CMakeFiles/Semaforo.dir/C_/Program_Files/Raspberry_Pi/Pico_SDK_v1.5.1/pico-sdk/src/rp2_common/pico_standard_link/binary_info.c.obj
 .binary_info.keep.__bi_ptr75
                0x10008b6c        0x4 CMakeFiles/Semaforo.dir/C_/Program_Files/Raspberry_Pi/Pico_SDK_v1.5.1/pico-sdk/src/rp2_common/pico_standard_link/binary_info.c.obj
 .binary_info.keep.__bi_ptr81
                0x10008b70        0x4 CMakeFiles/Semaforo.dir/C_/Program_Files/Raspberry_Pi/Pico_SDK_v1.5.1/pico-sdk/src/rp2_common/pico_standard_link/binary_info.c.obj
 *(.binary_info.*)
 .binary_info.__bi_ptr182
                0x10008b74        0x4 CMakeFiles/Semaforo.dir/C_/Program_Files/Raspberry_Pi/Pico_SDK_v1.5.1/pico-sdk/src/rp2_common/pico_stdio_usb/stdio_usb.c.obj
                0x10008b78                __binary_info_end = .

.rel.dyn        0x10008b78        0x0
 .rel.iplt      0x10008b78        0x0 c:/progra~1/raspbe~1/picosd~1.1/gcc-ar~1/bin/../lib/gcc/arm-none-eabi/10.3.1/thumb/v6-m/nofp/crtbegin.o
                0x10008b78                . = ALIGN (0x4)

.ram_vector_table
                0x20000000       0xc0
 *(.ram_vector_table)
 .ram_vector_table
                0x20000000       0xc0 CMakeFiles/Semaforo.dir/C_/Program_Files/Raspberry_Pi/Pico_SDK_v1.5.1/pico-sdk/src/rp2_common/pico_runtime/runtime.c.obj
                0x20000000                ram_vector_table

.data           0x200000c0      0xbf0 load address 0x10008b78
                0x200000c0                __data_start__ = .
 *(vtable)
 *(.time_critical*)
 .time_critical.mutex_try_enter
                0x200000c0       0x46 CMakeFiles/Semaforo.dir/C_/Program_Files/Raspberry_Pi/Pico_SDK_v1.5.1/pico-sdk/src/common/pico_sync/mutex.c.obj
                0x200000c0                mutex_try_enter
 *fill*         0x20000106        0x2 
 .time_critical.mutex_enter_block_until
                0x20000108       0x8c CMakeFiles/Semaforo.dir/C_/Program_Files/Raspberry_Pi/Pico_SDK_v1.5.1/pico-sdk/src/common/pico_sync/mutex.c.obj
                0x20000108                mutex_enter_block_until
 .time_critical.mutex_try_enter_block_until
                0x20000194       0x34 CMakeFiles/Semaforo.dir/C_/Program_Files/Raspberry_Pi/Pico_SDK_v1.5.1/pico-sdk/src/common/pico_sync/mutex.c.obj
                0x20000194                mutex_try_enter_block_until
 .time_critical.mutex_enter_timeout_ms
                0x200001c8       0x68 CMakeFiles/Semaforo.dir/C_/Program_Files/Raspberry_Pi/Pico_SDK_v1.5.1/pico-sdk/src/common/pico_sync/mutex.c.obj
                0x200001c8                mutex_enter_timeout_ms
 .time_critical.mutex_exit
                0x20000230       0x4c CMakeFiles/Semaforo.dir/C_/Program_Files/Raspberry_Pi/Pico_SDK_v1.5.1/pico-sdk/src/common/pico_sync/mutex.c.obj
                0x20000230                mutex_exit
 .time_critical.flash_init_boot2_copyout
                0x2000027c       0x30 CMakeFiles/Semaforo.dir/C_/Program_Files/Raspberry_Pi/Pico_SDK_v1.5.1/pico-sdk/src/rp2_common/hardware_flash/flash.c.obj
 .time_critical.flash_enable_xip_via_boot2
                0x200002ac       0x10 CMakeFiles/Semaforo.dir/C_/Program_Files/Raspberry_Pi/Pico_SDK_v1.5.1/pico-sdk/src/rp2_common/hardware_flash/flash.c.obj
 .time_critical.flash_cs_force
                0x200002bc       0x28 CMakeFiles/Semaforo.dir/C_/Program_Files/Raspberry_Pi/Pico_SDK_v1.5.1/pico-sdk/src/rp2_common/hardware_flash/flash.c.obj
 .time_critical.flash_do_cmd
                0x200002e4       0xd8 CMakeFiles/Semaforo.dir/C_/Program_Files/Raspberry_Pi/Pico_SDK_v1.5.1/pico-sdk/src/rp2_common/hardware_flash/flash.c.obj
                0x200002e4                flash_do_cmd
 .time_critical.reset_non_control_endpoints
                0x200003bc       0x40 CMakeFiles/Semaforo.dir/C_/Program_Files/Raspberry_Pi/Pico_SDK_v1.5.1/pico-sdk/lib/tinyusb/src/portable/raspberrypi/rp2040/dcd_rp2040.c.obj
 .time_critical.hw_handle_buff_status
                0x200003fc       0xa4 CMakeFiles/Semaforo.dir/C_/Program_Files/Raspberry_Pi/Pico_SDK_v1.5.1/pico-sdk/lib/tinyusb/src/portable/raspberrypi/rp2040/dcd_rp2040.c.obj
 .time_critical.dcd_rp2040_irq
                0x200004a0      0x1cc CMakeFiles/Semaforo.dir/C_/Program_Files/Raspberry_Pi/Pico_SDK_v1.5.1/pico-sdk/lib/tinyusb/src/portable/raspberrypi/rp2040/dcd_rp2040.c.obj
 .time_critical.e15_is_bulkin_ep
                0x2000066c       0x2c CMakeFiles/Semaforo.dir/C_/Program_Files/Raspberry_Pi/Pico_SDK_v1.5.1/pico-sdk/lib/tinyusb/src/portable/raspberrypi/rp2040/rp2040_usb.c.obj
 .time_critical.e15_is_critical_frame_period
                0x20000698       0x30 CMakeFiles/Semaforo.dir/C_/Program_Files/Raspberry_Pi/Pico_SDK_v1.5.1/pico-sdk/lib/tinyusb/src/portable/raspberrypi/rp2040/rp2040_usb.c.obj
 .time_critical.prepare_ep_buffer
                0x200006c8       0x70 CMakeFiles/Semaforo.dir/C_/Program_Files/Raspberry_Pi/Pico_SDK_v1.5.1/pico-sdk/lib/tinyusb/src/portable/raspberrypi/rp2040/rp2040_usb.c.obj
 .time_critical.sync_ep_buffer
                0x20000738       0x80 CMakeFiles/Semaforo.dir/C_/Program_Files/Raspberry_Pi/Pico_SDK_v1.5.1/pico-sdk/lib/tinyusb/src/portable/raspberrypi/rp2040/rp2040_usb.c.obj
 .time_critical._hw_endpoint_xfer_sync
                0x200007b8       0x28 CMakeFiles/Semaforo.dir/C_/Program_Files/Raspberry_Pi/Pico_SDK_v1.5.1/pico-sdk/lib/tinyusb/src/portable/raspberrypi/rp2040/rp2040_usb.c.obj
 .time_critical.hw_endpoint_reset_transfer
                0x200007e0        0xc CMakeFiles/Semaforo.dir/C_/Program_Files/Raspberry_Pi/Pico_SDK_v1.5.1/pico-sdk/lib/tinyusb/src/portable/raspberrypi/rp2040/rp2040_usb.c.obj
                0x200007e0                hw_endpoint_reset_transfer
 .time_critical._hw_endpoint_buffer_control_update32
                0x200007ec       0x58 CMakeFiles/Semaforo.dir/C_/Program_Files/Raspberry_Pi/Pico_SDK_v1.5.1/pico-sdk/lib/tinyusb/src/portable/raspberrypi/rp2040/rp2040_usb.c.obj
                0x200007ec                _hw_endpoint_buffer_control_update32
 .time_critical.hw_endpoint_start_next_buffer
                0x20000844       0x88 CMakeFiles/Semaforo.dir/C_/Program_Files/Raspberry_Pi/Pico_SDK_v1.5.1/pico-sdk/lib/tinyusb/src/portable/raspberrypi/rp2040/rp2040_usb.c.obj
                0x20000844                hw_endpoint_start_next_buffer
 .time_critical.hw_endpoint_xfer_continue
                0x200008cc       0x50 CMakeFiles/Semaforo.dir/C_/Program_Files/Raspberry_Pi/Pico_SDK_v1.5.1/pico-sdk/lib/tinyusb/src/portable/raspberrypi/rp2040/rp2040_usb.c.obj
                0x200008cc                hw_endpoint_xfer_continue
 .time_critical.tinyusb
                0x2000091c      0x200 CMakeFiles/Semaforo.dir/C_/Program_Files/Raspberry_Pi/Pico_SDK_v1.5.1/pico-sdk/lib/tinyusb/src/device/usbd.c.obj
                0x2000091c                dcd_event_handler
 *(.text*)
 .text          0x20000b1c        0x4 c:/progra~1/raspbe~1/picosd~1.1/gcc-ar~1/bin/../lib/gcc/arm-none-eabi/10.3.1/thumb/v6-m/nofp\libgcc.a(_dvmd_tls.o)
                0x20000b1c                __aeabi_idiv0
                0x20000b1c                __aeabi_ldiv0
 .text.__stub   0x20000b20       0x90 linker stubs
                0x20000bb0                . = ALIGN (0x4)
 *(.rodata*)
                0x20000bb0                . = ALIGN (0x4)
 *(.data*)
 .data.striped_spin_lock_num